Archive member included to satisfy reference by file (symbol)

D:/DevkitPro/libnx/lib\libnx.a(hiddbg.o)
                              Input.o (hiddbgInitialize)
D:/DevkitPro/libnx/lib\libnx.a(sm.o)
                              D:/DevkitPro/libnx/lib\libnx.a(hiddbg.o) (smGetServiceWrapper)
D:/DevkitPro/libnx/lib\libnx.a(hosversion.o)
                              D:/DevkitPro/libnx/lib\libnx.a(hiddbg.o) (hosversionGet)
D:/DevkitPro/libnx/lib\libnx.a(pad.o)
                              Input.o (padConfigureInput)
D:/DevkitPro/libnx/lib\libnx.a(nxlink_stdio.o)
                              main.o (nxlinkConnectToHost)
D:/DevkitPro/libnx/lib\libnx.a(diag.o)
                              D:/DevkitPro/libnx/lib\libnx.a(sm.o) (diagAbortWithResult)
D:/DevkitPro/libnx/lib\libnx.a(socket.o)
                              main.o (socketExit)
D:/DevkitPro/libnx/lib\libnx.a(romfs_dev.o)
                              main.o (romfsMountSelf)
D:/DevkitPro/libnx/lib\libnx.a(path_buf.o)
                              D:/DevkitPro/libnx/lib\libnx.a(romfs_dev.o) (__nx_dev_path_buf)
D:/DevkitPro/libnx/lib\libnx.a(fs_dev.o)
                              D:/DevkitPro/libnx/lib\libnx.a(romfs_dev.o) (fsdevTranslatePath)
D:/DevkitPro/libnx/lib\libnx.a(convert_errno.o)
                              D:/DevkitPro/libnx/lib\libnx.a(socket.o) (_convert_errno)
D:/DevkitPro/libnx/lib\libnx.a(decode_utf8.o)
                              D:/DevkitPro/libnx/lib\libnx.a(fs_dev.o) (decode_utf8)
D:/DevkitPro/libnx/lib\libnx.a(svc.o)
                              D:/DevkitPro/libnx/lib\libnx.a(sm.o) (svcSleepThread)
D:/DevkitPro/libnx/lib\libnx.a(readtp.o)
                              D:/DevkitPro/libnx/lib\libnx.a(socket.o) (__aarch64_read_tp)
D:/DevkitPro/libnx/lib\libnx.a(switch_crt0.o)
                              (_start)
D:/DevkitPro/libnx/lib\libnx.a(tmem.o)
                              D:/DevkitPro/libnx/lib\libnx.a(hiddbg.o) (tmemCreate)
D:/DevkitPro/libnx/lib\libnx.a(mutex.o)
                              D:/DevkitPro/libnx/lib\libnx.a(hiddbg.o) (mutexLock)
D:/DevkitPro/libnx/lib\libnx.a(virtmem.o)
                              D:/DevkitPro/libnx/lib\libnx.a(tmem.o) (virtmemLock)
D:/DevkitPro/libnx/lib\libnx.a(event.o)
                              D:/DevkitPro/libnx/lib\libnx.a(hiddbg.o) (eventLoadRemote)
D:/DevkitPro/libnx/lib\libnx.a(random.o)
                              D:/DevkitPro/libnx/lib\libnx.a(virtmem.o) (randomGet64)
D:/DevkitPro/libnx/lib\libnx.a(bsd.o)
                              D:/DevkitPro/libnx/lib\libnx.a(socket.o) (g_bsdResult)
D:/DevkitPro/libnx/lib\libnx.a(ssl.o)
                              D:/DevkitPro/libnx/lib\libnx.a(socket.o) (sslConnectionSetSocketDescriptor)
D:/DevkitPro/libnx/lib\libnx.a(fs.o)
                              D:/DevkitPro/libnx/lib\libnx.a(fs_dev.o) (fsOpenSdCardFileSystem)
D:/DevkitPro/libnx/lib\libnx.a(time.o)
                              D:/DevkitPro/libnx/lib\libnx.a(fs_dev.o) (timeToPosixTimeWithMyRule)
D:/DevkitPro/libnx/lib\libnx.a(hid.o)
                              D:/DevkitPro/libnx/lib\libnx.a(pad.o) (hidGetNpadStyleSet)
D:/DevkitPro/libnx/lib\libnx.a(dynamic.o)
                              D:/DevkitPro/libnx/lib\libnx.a(switch_crt0.o) (__nx_dynamic)
D:/DevkitPro/libnx/lib\libnx.a(init.o)
                              D:/DevkitPro/libnx/lib\libnx.a(switch_crt0.o) (__libnx_init)
D:/DevkitPro/libnx/lib\libnx.a(nxlink.o)
                              D:/DevkitPro/libnx/lib\libnx.a(nxlink_stdio.o) (__nxlink_host)
D:/DevkitPro/libnx/lib\libnx.a(env.o)
                              D:/DevkitPro/libnx/lib\libnx.a(init.o) (envSetup)
D:/DevkitPro/libnx/lib\libnx.a(alloc.o)
                              D:/DevkitPro/libnx/lib\libnx.a(socket.o) (__libnx_alloc)
D:/DevkitPro/libnx/lib\libnx.a(newlib.o)
                              D:/DevkitPro/libnx/lib\libnx.a(init.o) (__libnx_init_time)
D:/DevkitPro/libnx/lib\libnx.a(argv.o)
                              D:/DevkitPro/libnx/lib\libnx.a(init.o) (argvSetup)
D:/DevkitPro/libnx/lib\libnx.a(exception.o)
                              D:/DevkitPro/libnx/lib\libnx.a(switch_crt0.o) (__libnx_exception_entry)
D:/DevkitPro/libnx/lib\libnx.a(shmem.o)
                              D:/DevkitPro/libnx/lib\libnx.a(time.o) (shmemLoadRemote)
D:/DevkitPro/libnx/lib\libnx.a(wait.o)
                              D:/DevkitPro/libnx/lib\libnx.a(event.o) (waitObjects)
D:/DevkitPro/libnx/lib\libnx.a(condvar.o)
                              D:/DevkitPro/libnx/lib\libnx.a(newlib.o) (condvarWaitTimeout)
D:/DevkitPro/libnx/lib\libnx.a(thread.o)
                              D:/DevkitPro/libnx/lib\libnx.a(init.o) (__libnx_init_thread)
D:/DevkitPro/libnx/lib\libnx.a(sessionmgr.o)
                              D:/DevkitPro/libnx/lib\libnx.a(bsd.o) (sessionmgrCreate)
D:/DevkitPro/libnx/lib\libnx.a(set.o)
                              D:/DevkitPro/libnx/lib\libnx.a(init.o) (setsysInitialize)
D:/DevkitPro/libnx/lib\libnx.a(applet.o)
[...]
Memory Configuration

Name             Origin             Length             Attributes
*default*        0x0000000000000000 0xffffffffffffffff

Linker script and memory map

                0x0000000000000000                PROVIDE (__start__ = 0x0)
                0x0000000000000000                . = __start__
                0x0000000000000000                __code_start = .

.crt0           0x0000000000000000      0x140
 *(.crt0)
 .crt0          0x0000000000000000      0x140 D:/DevkitPro/libnx/lib\libnx.a(switch_crt0.o)
                0x0000000000000000                _start
                0x0000000000000108                __nx_exit
                0x0000000000000118                __nx_mod0
                0x0000000000000140                . = ALIGN (0x8)

.init           0x0000000000000140       0x38
 *(.init)
 .init          0x0000000000000140       0x18 d:/devkitpro/devkita64/bin/../lib/gcc/aarch64-none-elf/11.2.0/pic/crti.o
                0x0000000000000140                _init
 .init          0x0000000000000158       0x1c d:/devkitpro/devkita64/bin/../lib/gcc/aarch64-none-elf/11.2.0/pic/crtn.o
                0x0000000000000178                . = ALIGN (0x8)
 *fill*         0x0000000000000174        0x4 

.plt            0x0000000000000178        0x0
 *(.plt)
 .plt           0x0000000000000178        0x0 d:/devkitpro/devkita64/bin/../lib/gcc/aarch64-none-elf/11.2.0/pic/crti.o
 *(.iplt)
                0x0000000000000178                . = ALIGN (0x8)

.text           0x0000000000000180    0x1daf0
 *(.text.unlikely .text.*_unlikely .text.unlikely.*)
 *(.text.exit .text.exit.*)
 .text.exit     0x0000000000000180       0x38 d:/devkitpro/devkita64/bin/../lib/gcc/aarch64-none-elf/11.2.0/../../../../aarch64-none-elf/lib/pic\libg.a(lib_a-exit.o)
                0x0000000000000180                exit
 *(.text.startup .text.startup.*)
 *fill*         0x00000000000001b8        0x8 
 .text.startup.main
                0x00000000000001c0       0x9c main.o
                0x00000000000001c0                main
 *(.text.hot .text.hot.*)
 *(.text .stub .text.* .gnu.linkonce.t.*)
 *fill*         0x000000000000025c        0x4 
 .text.__do_global_dtors_aux
                0x0000000000000260       0x44 d:/devkitpro/devkita64/bin/../lib/gcc/aarch64-none-elf/11.2.0/pic/crtbegin.o
 *fill*         0x00000000000002a4        0xc 
 .text.frame_dummy
                0x00000000000002b0       0x24 d:/devkitpro/devkita64/bin/../lib/gcc/aarch64-none-elf/11.2.0/pic/crtbegin.o
 *fill*         0x00000000000002d4        0xc 
 .text._ZN5Input4initEv
                0x00000000000002e0       0x88 Input.o
                0x00000000000002e0                Input::init()
 *fill*         0x0000000000000368        0x8 
 .text._ZN5Input6updateEv
                0x0000000000000370       0x30 Input.o
                0x0000000000000370                Input::update()
 .text._ZN5Input7cleanupEv
                0x00000000000003a0       0x14 Input.o
                0x00000000000003a0                Input::cleanup()
 *fill*         0x00000000000003b4        0xc 
 .text._hiddbgCleanup
                0x00000000000003c0       0x68 D:/DevkitPro/libnx/lib\libnx.a(hiddbg.o)
 *fill*         0x0000000000000428        0x8 
 .text.hiddbgInitialize
                0x0000000000000430       0xa0 D:/DevkitPro/libnx/lib\libnx.a(hiddbg.o)
                0x0000000000000430                hiddbgInitialize
 .text.hiddbgExit
                0x00000000000004d0       0x44 D:/DevkitPro/libnx/lib\libnx.a(hiddbg.o)
                0x00000000000004d0                hiddbgExit
 *fill*         0x0000000000000514        0xc 
 .text._smCmifCmdInPid
                0x0000000000000520       0xd0 D:/DevkitPro/libnx/lib\libnx.a(sm.o)
 .text._smCleanup
                0x00000000000005f0       0x68 D:/DevkitPro/libnx/lib\libnx.a(sm.o)
 *fill*         0x0000000000000658        0x8 
 .text.smAddOverrideHandle
                0x0000000000000660       0x48 D:/DevkitPro/libnx/lib\libnx.a(sm.o)
                0x0000000000000660                smAddOverrideHandle
 *fill*         0x00000000000006a8        0x8 
 .text.smGetServiceOverride
                0x00000000000006b0       0x54 D:/DevkitPro/libnx/lib\libnx.a(sm.o)
                0x00000000000006b0                smGetServiceOverride
 *fill*         0x0000000000000704        0xc 
 .text.smInitialize
                0x0000000000000710      0x1c0 D:/DevkitPro/libnx/lib\libnx.a(sm.o)
                0x0000000000000710                smInitialize
 .text.smExit   0x00000000000008d0       0x44 D:/DevkitPro/libnx/lib\libnx.a(sm.o)
                0x00000000000008d0                smExit
 *fill*         0x0000000000000914        0xc 
 .text.smGetServiceOriginal
                0x0000000000000920       0xd0 D:/DevkitPro/libnx/lib\libnx.a(sm.o)
                0x0000000000000920                smGetServiceOriginal
 .text.smGetServiceWrapper
                0x00000000000009f0      0x120 D:/DevkitPro/libnx/lib\libnx.a(sm.o)
                0x00000000000009f0                smGetServiceWrapper
 .text.hosversionGet
                0x0000000000000b10       0x14 D:/DevkitPro/libnx/lib\libnx.a(hosversion.o)
                0x0000000000000b10                hosversionGet
 *fill*         0x0000000000000b24        0xc 
 .text.hosversionSet
                0x0000000000000b30       0x10 D:/DevkitPro/libnx/lib\libnx.a(hosversion.o)
                0x0000000000000b30                hosversionSet
 .text._padUpdateWithCommonState
                0x0000000000000b40       0x5c D:/DevkitPro/libnx/lib\libnx.a(pad.o)
 *fill*         0x0000000000000b9c        0x4 
 .text.padConfigureInput
                0x0000000000000ba0       0x9c D:/DevkitPro/libnx/lib\libnx.a(pad.o)
                0x0000000000000ba0                padConfigureInput
 *fill*         0x0000000000000c3c        0x4 
 .text.padInitializeWithMask
                0x0000000000000c40       0x20 D:/DevkitPro/libnx/lib\libnx.a(pad.o)
                0x0000000000000c40                padInitializeWithMask
 .text.padUpdate
                0x0000000000000c60      0x228 D:/DevkitPro/libnx/lib\libnx.a(pad.o)
                0x0000000000000c60                padUpdate
 *fill*         0x0000000000000e88        0x8 
 .text.nxlinkConnectToHost
                0x0000000000000e90       0xd8 D:/DevkitPro/libnx/lib\libnx.a(nxlink_stdio.o)
                0x0000000000000e90                nxlinkConnectToHost
 *fill*         0x0000000000000f68        0x8 
 .text.diagAbortWithResult
                0x0000000000000f70       0x1c D:/DevkitPro/libnx/lib\libnx.a(diag.o)
                0x0000000000000f70                diagAbortWithResult
 *fill*         0x0000000000000f8c        0x4 
 .text._socketParseBsdResult.part.0
                0x0000000000000f90       0xa8 D:/DevkitPro/libnx/lib\libnx.a(socket.o)
 *fill*         0x0000000000001038        0x8 
 .text._socketRead
                0x0000000000001040       0x48 D:/DevkitPro/libnx/lib\libnx.a(socket.o)
 *fill*         0x0000000000001088        0x8 
 .text._socketWrite
                0x0000000000001090       0x48 D:/DevkitPro/libnx/lib\libnx.a(socket.o)
 *fill*         0x00000000000010d8        0x8 
 .text._socketClose
                0x00000000000010e0       0x3c D:/DevkitPro/libnx/lib\libnx.a(socket.o)
 *fill*         0x000000000000111c        0x4 
 .text._socketOpen
                0x0000000000001120       0x78 D:/DevkitPro/libnx/lib\libnx.a(socket.o)
 *fill*         0x0000000000001198        0x8 
 .text._socketGetFd
                0x00000000000011a0       0x84 D:/DevkitPro/libnx/lib\libnx.a(socket.o)
 *fill*         0x0000000000001224        0xc 
 .text.socketExit
                0x0000000000001230       0x1c D:/DevkitPro/libnx/lib\libnx.a(socket.o)
                0x0000000000001230                socketExit
 *fill*         0x000000000000124c        0x4 
 .text.socketInitialize
                0x0000000000001250      0x154 D:/DevkitPro/libnx/lib\libnx.a(socket.o)
                0x0000000000001250                socketInitialize
 *fill*         0x00000000000013a4        0xc 
 .text.socket   0x00000000000013b0       0xac D:/DevkitPro/libnx/lib\libnx.a(socket.o)
                0x00000000000013b0                socket
 *fill*         0x000000000000145c        0x4 
 .text.connect  0x0000000000001460       0x60 D:/DevkitPro/libnx/lib\libnx.a(socket.o)
                0x0000000000001460                connect
 .text.romfs_close
                0x00000000000014c0        0x8 D:/DevkitPro/libnx/lib\libnx.a(romfs_dev.o)
 *fill*         0x00000000000014c8        0x8 
 .text.romfs_seek
                0x00000000000014d0       0x80 D:/DevkitPro/libnx/lib\libnx.a(romfs_dev.o)
 .text.romfs_dirreset
                0x0000000000001550       0x1c D:/DevkitPro/libnx/lib\libnx.a(romfs_dev.o)
 *fill*         0x000000000000156c        0x4 
 .text.fillDir  0x0000000000001570      0x100 D:/DevkitPro/libnx/lib\libnx.a(romfs_dev.o)
 .text.romfs_dirnext
                0x0000000000001670      0x2c4 D:/DevkitPro/libnx/lib\libnx.a(romfs_dev.o)
 *fill*         0x0000000000001934        0xc 
 .text.searchForDir
                0x0000000000001940      0x128 D:/DevkitPro/libnx/lib\libnx.a(romfs_dev.o)
 *fill*         0x0000000000001a68        0x8 
 .text._romfs_read_safe
                0x0000000000001a70      0x164 D:/DevkitPro/libnx/lib\libnx.a(romfs_dev.o)
 *fill*         0x0000000000001bd4        0xc 
 .text._romfs_read
                0x0000000000001be0       0xc4 D:/DevkitPro/libnx/lib\libnx.a(romfs_dev.o)
 *fill*         0x0000000000001ca4        0xc 
 .text.romfs_read
                0x0000000000001cb0       0x84 D:/DevkitPro/libnx/lib\libnx.a(romfs_dev.o)
 *fill*         0x0000000000001d34        0xc 
 .text.romfs_free
                0x0000000000001d40       0xb0 D:/DevkitPro/libnx/lib\libnx.a(romfs_dev.o)
 .text.navigateToDir.constprop.0
                0x0000000000001df0      0x1f4 D:/DevkitPro/libnx/lib\libnx.a(romfs_dev.o)
 *fill*         0x0000000000001fe4        0xc 
 .text.romfs_chdir
                0x0000000000001ff0       0x54 D:/DevkitPro/libnx/lib\libnx.a(romfs_dev.o)
 *fill*         0x0000000000002044        0xc 
 .text.romfs_diropen
                0x0000000000002050       0x84 D:/DevkitPro/libnx/lib\libnx.a(romfs_dev.o)
 *fill*         0x00000000000020d4        0xc 
 .text.searchForFile.constprop.0
                0x00000000000020e0      0x128 D:/DevkitPro/libnx/lib\libnx.a(romfs_dev.o)
 *fill*         0x0000000000002208        0x8 
 .text.romfs_open
                0x0000000000002210      0x10c D:/DevkitPro/libnx/lib\libnx.a(romfs_dev.o)
 *fill*         0x000000000000231c        0x4 
 .text.romfs_stat
                0x0000000000002320      0x1b8 D:/DevkitPro/libnx/lib\libnx.a(romfs_dev.o)
 *fill*         0x00000000000024d8        0x8 
 .text.romfs_dirclose
                0x00000000000024e0        0x8 D:/DevkitPro/libnx/lib\libnx.a(romfs_dev.o)
 *fill*         0x00000000000024e8        0x8 
 .text.romfsFindMount
                0x00000000000024f0      0x138 D:/DevkitPro/libnx/lib\libnx.a(romfs_dev.o)
 *fill*         0x0000000000002628        0x8 
 .text.romfs_fstat
                0x0000000000002630       0x6c D:/DevkitPro/libnx/lib\libnx.a(romfs_dev.o)
 *fill*         0x000000000000269c        0x4 
 .text.romfsMountCommon
                0x00000000000026a0      0x1b4 D:/DevkitPro/libnx/lib\libnx.a(romfs_dev.o)
 *fill*         0x0000000000002854        0xc 
 .text.romfsMountFromFile
                0x0000000000002860       0x68 D:/DevkitPro/libnx/lib\libnx.a(romfs_dev.o)
                0x0000000000002860                romfsMountFromFile
 *fill*         0x00000000000028c8        0x8 
 .text.romfsMountFromStorage
                0x00000000000028d0       0x70 D:/DevkitPro/libnx/lib\libnx.a(romfs_dev.o)
                0x00000000000028d0                romfsMountFromStorage
 .text.romfsMountFromCurrentProcess
                0x0000000000002940       0x38 D:/DevkitPro/libnx/lib\libnx.a(romfs_dev.o)
                0x0000000000002940                romfsMountFromCurrentProcess
 *fill*         0x0000000000002978        0x8 
 .text.romfsMountSelf
                0x0000000000002980      0x1a0 D:/DevkitPro/libnx/lib\libnx.a(romfs_dev.o)
                0x0000000000002980                romfsMountSelf
 .text.fsdev_link
                0x0000000000002b20       0x14 D:/DevkitPro/libnx/lib\libnx.a(fs_dev.o)
 *fill*         0x0000000000002b34        0xc 
 .text.fsdev_dirreset
                0x0000000000002b40       0x14 D:/DevkitPro/libnx/lib\libnx.a(fs_dev.o)
 *fill*         0x0000000000002b54        0xc 
 .text.fsdev_chmod
                0x0000000000002b60       0x14 D:/DevkitPro/libnx/lib\libnx.a(fs_dev.o)
 *fill*         0x0000000000002b74        0xc 
 .text.error_cmp
                0x0000000000002b80       0x18 D:/DevkitPro/libnx/lib\libnx.a(fs_dev.o)
 *fill*         0x0000000000002b98        0x8 
 .text.fsdev_dirclose
                0x0000000000002ba0       0x20 D:/DevkitPro/libnx/lib\libnx.a(fs_dev.o)
 .text.fsdev_close
                0x0000000000002bc0       0x1c D:/DevkitPro/libnx/lib\libnx.a(fs_dev.o)
 *fill*         0x0000000000002bdc        0x4 
 .text.fsdev_converttimetoutc
                0x0000000000002be0       0x80 D:/DevkitPro/libnx/lib\libnx.a(fs_dev.o)
 .text.fsdevFindDevice.part.0
                0x0000000000002c60       0xb8 D:/DevkitPro/libnx/lib\libnx.a(fs_dev.o)
 *fill*         0x0000000000002d18        0x8 
 .text.fsdev_fixpath
                0x0000000000002d20      0x1e0 D:/DevkitPro/libnx/lib\libnx.a(fs_dev.o)
 .text._fsdevUnmountDeviceStruct.part.0
                0x0000000000002f00       0xa0 D:/DevkitPro/libnx/lib\libnx.a(fs_dev.o)
 .text.fsdev_fchmod
                0x0000000000002fa0       0x14 D:/DevkitPro/libnx/lib\libnx.a(fs_dev.o)
 *fill*         0x0000000000002fb4        0xc 
 .text.fsdev_diropen
                0x0000000000002fc0      0x108 D:/DevkitPro/libnx/lib\libnx.a(fs_dev.o)
 *fill*         0x00000000000030c8        0x8 
 .text.fsdev_fsync
                0x00000000000030d0       0x7c D:/DevkitPro/libnx/lib\libnx.a(fs_dev.o)
 *fill*         0x000000000000314c        0x4 
 .text.fsdev_fstat
                0x0000000000003150      0x108 D:/DevkitPro/libnx/lib\libnx.a(fs_dev.o)
 *fill*         0x0000000000003258        0x8 
 .text.fsdev_ftruncate
                0x0000000000003260       0x94 D:/DevkitPro/libnx/lib\libnx.a(fs_dev.o)
 *fill*         0x00000000000032f4        0xc 
 .text.fsdev_stat
                0x0000000000003300      0x1f8 D:/DevkitPro/libnx/lib\libnx.a(fs_dev.o)
 *fill*         0x00000000000034f8        0x8 
 .text.fsdev_rename
                0x0000000000003500      0x154 D:/DevkitPro/libnx/lib\libnx.a(fs_dev.o)
 *fill*         0x0000000000003654        0xc 
 .text.fsdev_chdir
                0x0000000000003660      0x148 D:/DevkitPro/libnx/lib\libnx.a(fs_dev.o)
 *fill*         0x00000000000037a8        0x8 
 .text.fsdev_mkdir
                0x00000000000037b0       0xac D:/DevkitPro/libnx/lib\libnx.a(fs_dev.o)
 *fill*         0x000000000000385c        0x4 
 .text.fsdev_unlink
                0x0000000000003860       0xac D:/DevkitPro/libnx/lib\libnx.a(fs_dev.o)
 *fill*         0x000000000000390c        0x4 
 .text.fsdev_rmdir
                0x0000000000003910       0xac D:/DevkitPro/libnx/lib\libnx.a(fs_dev.o)
 *fill*         0x00000000000039bc        0x4 
 .text.fsdev_statvfs
                0x00000000000039c0      0x104 D:/DevkitPro/libnx/lib\libnx.a(fs_dev.o)
 *fill*         0x0000000000003ac4        0xc 
 .text.fsdev_write_safe
                0x0000000000003ad0      0x13c D:/DevkitPro/libnx/lib\libnx.a(fs_dev.o)
 *fill*         0x0000000000003c0c        0x4 
 .text.fsdev_read_safe
                0x0000000000003c10      0x13c D:/DevkitPro/libnx/lib\libnx.a(fs_dev.o)
 *fill*         0x0000000000003d4c        0x4 
 .text.fsdev_read
                0x0000000000003d50      0x104 D:/DevkitPro/libnx/lib\libnx.a(fs_dev.o)
 *fill*         0x0000000000003e54        0xc 
 .text.fsdev_dirnext
                0x0000000000003e60      0x1d4 D:/DevkitPro/libnx/lib\libnx.a(fs_dev.o)
 *fill*         0x0000000000004034        0xc 
 .text.fsdev_write
                0x0000000000004040      0x124 D:/DevkitPro/libnx/lib\libnx.a(fs_dev.o)
 *fill*         0x0000000000004164        0xc 
 .text.fsdev_seek
                0x0000000000004170       0xe4 D:/DevkitPro/libnx/lib\libnx.a(fs_dev.o)
 *fill*         0x0000000000004254        0xc 
 .text.fsdev_open
                0x0000000000004260      0x238 D:/DevkitPro/libnx/lib\libnx.a(fs_dev.o)
 *fill*         0x0000000000004498        0x8 
 .text.fsdevMountDevice
                0x00000000000044a0      0x26c D:/DevkitPro/libnx/lib\libnx.a(fs_dev.o)
                0x00000000000044a0                fsdevMountDevice
 *fill*         0x000000000000470c        0x4 
 .text.fsdevMountSdmc
                0x0000000000004710       0x48 D:/DevkitPro/libnx/lib\libnx.a(fs_dev.o)
                0x0000000000004710                fsdevMountSdmc
 *fill*         0x0000000000004758        0x8 
 .text.__libnx_init_cwd
                0x0000000000004760       0xcc D:/DevkitPro/libnx/lib\libnx.a(fs_dev.o)
                0x0000000000004760                __libnx_init_cwd
 *fill*         0x000000000000482c        0x4 
 .text.fsdevUnmountAll
                0x0000000000004830       0x64 D:/DevkitPro/libnx/lib\libnx.a(fs_dev.o)
                0x0000000000004830                fsdevUnmountAll
 *fill*         0x0000000000004894        0xc 
 .text.fsdevTranslatePath
                0x00000000000048a0       0x84 D:/DevkitPro/libnx/lib\libnx.a(fs_dev.o)
                0x00000000000048a0                fsdevTranslatePath
 *fill*         0x0000000000004924        0xc 
 .text._convert_errno
                0x0000000000004930       0x2c D:/DevkitPro/libnx/lib\libnx.a(convert_errno.o)
                0x0000000000004930                _convert_errno
 *fill*         0x000000000000495c        0x4 
 .text.decode_utf8
                0x0000000000004960      0x12c D:/DevkitPro/libnx/lib\libnx.a(decode_utf8.o)
                0x0000000000004960                decode_utf8
 .text.svcSetHeapSize
                0x0000000000004a8c       0x14 D:/DevkitPro/libnx/lib\libnx.a(svc.o)
                0x0000000000004a8c                svcSetHeapSize
 .text.svcUnmapMemory
                0x0000000000004aa0        0x8 D:/DevkitPro/libnx/lib\libnx.a(svc.o)
                0x0000000000004aa0                svcUnmapMemory
 .text.svcQueryMemory
                0x0000000000004aa8       0x14 D:/DevkitPro/libnx/lib\libnx.a(svc.o)
                0x0000000000004aa8                svcQueryMemory
 .text.svcExitProcess
                0x0000000000004abc        0x8 D:/DevkitPro/libnx/lib\libnx.a(svc.o)
                0x0000000000004abc                svcExitProcess
 .text.svcSleepThread
                0x0000000000004ac4        0x8 D:/DevkitPro/libnx/lib\libnx.a(svc.o)
                0x0000000000004ac4                svcSleepThread
 .text.svcMapSharedMemory
                0x0000000000004acc        0x8 D:/DevkitPro/libnx/lib\libnx.a(svc.o)
                0x0000000000004acc                svcMapSharedMemory
 .text.svcUnmapSharedMemory
                0x0000000000004ad4        0x8 D:/DevkitPro/libnx/lib\libnx.a(svc.o)
                0x0000000000004ad4                svcUnmapSharedMemory
 .text.svcCreateTransferMemory
                0x0000000000004adc       0x14 D:/DevkitPro/libnx/lib\libnx.a(svc.o)
                0x0000000000004adc                svcCreateTransferMemory
 .text.svcCloseHandle
                0x0000000000004af0        0x8 D:/DevkitPro/libnx/lib\libnx.a(svc.o)
                0x0000000000004af0                svcCloseHandle
 .text.svcResetSignal
                0x0000000000004af8        0x8 D:/DevkitPro/libnx/lib\libnx.a(svc.o)
                0x0000000000004af8                svcResetSignal
 .text.svcWaitSynchronization
                0x0000000000004b00       0x14 D:/DevkitPro/libnx/lib\libnx.a(svc.o)
                0x0000000000004b00                svcWaitSynchronization
 .text.svcArbitrateLock
                0x0000000000004b14        0x8 D:/DevkitPro/libnx/lib\libnx.a(svc.o)
                0x0000000000004b14                svcArbitrateLock
 .text.svcArbitrateUnlock
                0x0000000000004b1c        0x8 D:/DevkitPro/libnx/lib\libnx.a(svc.o)
                0x0000000000004b1c                svcArbitrateUnlock
 .text.svcWaitProcessWideKeyAtomic
                0x0000000000004b24        0x8 D:/DevkitPro/libnx/lib\libnx.a(svc.o)
                0x0000000000004b24                svcWaitProcessWideKeyAtomic
 .text.svcSignalProcessWideKey
                0x0000000000004b2c        0x8 D:/DevkitPro/libnx/lib\libnx.a(svc.o)
                0x0000000000004b2c                svcSignalProcessWideKey
 .text.svcConnectToNamedPort
                0x0000000000004b34       0x14 D:/DevkitPro/libnx/lib\libnx.a(svc.o)
                0x0000000000004b34                svcConnectToNamedPort
 .text.svcSendSyncRequest
                0x0000000000004b48        0x8 D:/DevkitPro/libnx/lib\libnx.a(svc.o)
                0x0000000000004b48                svcSendSyncRequest
 .text.svcBreak
                0x0000000000004b50        0x8 D:/DevkitPro/libnx/lib\libnx.a(svc.o)
                0x0000000000004b50                svcBreak
 .text.svcReturnFromException
                0x0000000000004b58        0x8 D:/DevkitPro/libnx/lib\libnx.a(svc.o)
                0x0000000000004b58                svcReturnFromException
 .text.svcGetInfo
                0x0000000000004b60       0x14 D:/DevkitPro/libnx/lib\libnx.a(svc.o)
                0x0000000000004b60                svcGetInfo
 .text.svcUnmapTransferMemory
                0x0000000000004b74        0x8 D:/DevkitPro/libnx/lib\libnx.a(svc.o)
                0x0000000000004b74                svcUnmapTransferMemory
 .text.__aarch64_read_tp
                0x0000000000004b7c        0xc D:/DevkitPro/libnx/lib\libnx.a(readtp.o)
                0x0000000000004b7c                __aarch64_read_tp
 *fill*         0x0000000000004b88        0x8 
 .text.tmemCreate
                0x0000000000004b90       0xa8 D:/DevkitPro/libnx/lib\libnx.a(tmem.o)
                0x0000000000004b90                tmemCreate
 *fill*         0x0000000000004c38        0x8 
 .text.tmemCreateFromMemory
                0x0000000000004c40       0x28 D:/DevkitPro/libnx/lib\libnx.a(tmem.o)
                0x0000000000004c40                tmemCreateFromMemory
 *fill*         0x0000000000004c68        0x8 
 .text.tmemUnmap
                0x0000000000004c70       0x34 D:/DevkitPro/libnx/lib\libnx.a(tmem.o)
                0x0000000000004c70                tmemUnmap
 *fill*         0x0000000000004ca4        0xc 
 .text.tmemClose
                0x0000000000004cb0       0x68 D:/DevkitPro/libnx/lib\libnx.a(tmem.o)
                0x0000000000004cb0                tmemClose
 *fill*         0x0000000000004d18        0x8 
 .text.mutexLock
                0x0000000000004d20       0x80 D:/DevkitPro/libnx/lib\libnx.a(mutex.o)
                0x0000000000004d20                mutexLock
 .text.mutexUnlock
                0x0000000000004da0       0x68 D:/DevkitPro/libnx/lib\libnx.a(mutex.o)
                0x0000000000004da0                mutexUnlock
 *fill*         0x0000000000004e08        0x8 
 .text.mutexIsLockedByCurrentThread
                0x0000000000004e10       0x1c D:/DevkitPro/libnx/lib\libnx.a(mutex.o)
                0x0000000000004e10                mutexIsLockedByCurrentThread
 *fill*         0x0000000000004e2c        0x4 
 .text.rmutexLock
                0x0000000000004e30       0x4c D:/DevkitPro/libnx/lib\libnx.a(mutex.o)
                0x0000000000004e30                rmutexLock
 *fill*         0x0000000000004e7c        0x4 
 .text.rmutexUnlock
                0x0000000000004e80       0x1c D:/DevkitPro/libnx/lib\libnx.a(mutex.o)
                0x0000000000004e80                rmutexUnlock
 *fill*         0x0000000000004e9c        0x4 
 .text._memregionInitWithInfo
                0x0000000000004ea0       0x64 D:/DevkitPro/libnx/lib\libnx.a(virtmem.o)
 *fill*         0x0000000000004f04        0xc 
 .text.__libnx_virtmem_rng
                0x0000000000004f10        0x4 D:/DevkitPro/libnx/lib\libnx.a(virtmem.o)
                0x0000000000004f10                __libnx_virtmem_rng
 *fill*         0x0000000000004f14        0xc 
 .text._memregionFindRandom
                0x0000000000004f20      0x178 D:/DevkitPro/libnx/lib\libnx.a(virtmem.o)
 *fill*         0x0000000000005098        0x8 
 .text.virtmemSetup
                0x00000000000050a0      0x120 D:/DevkitPro/libnx/lib\libnx.a(virtmem.o)
                0x00000000000050a0                virtmemSetup
 .text.virtmemLock
                0x00000000000051c0        0xc D:/DevkitPro/libnx/lib\libnx.a(virtmem.o)
                0x00000000000051c0                virtmemLock
 *fill*         0x00000000000051cc        0x4 
 .text.virtmemUnlock
                0x00000000000051d0        0xc D:/DevkitPro/libnx/lib\libnx.a(virtmem.o)
                0x00000000000051d0                virtmemUnlock
 *fill*         0x00000000000051dc        0x4 
 .text.virtmemFindAslr
                0x00000000000051e0       0x54 D:/DevkitPro/libnx/lib\libnx.a(virtmem.o)
                0x00000000000051e0                virtmemFindAslr
 *fill*         0x0000000000005234        0xc 
 .text.eventLoadRemote
                0x0000000000005240        0xc D:/DevkitPro/libnx/lib\libnx.a(event.o)
                0x0000000000005240                eventLoadRemote
 *fill*         0x000000000000524c        0x4 
 .text.eventWait
                0x0000000000005250       0x38 D:/DevkitPro/libnx/lib\libnx.a(event.o)
                0x0000000000005250                eventWait
 *fill*         0x0000000000005288        0x8 
 .text.eventClose
                0x0000000000005290       0x50 D:/DevkitPro/libnx/lib\libnx.a(event.o)
                0x0000000000005290                eventClose
 .text.randomGet
                0x00000000000052e0      0x3d4 D:/DevkitPro/libnx/lib\libnx.a(random.o)
                0x00000000000052e0                randomGet
 *fill*         0x00000000000056b4        0xc 
 .text.randomGet64
                0x00000000000056c0       0x20 D:/DevkitPro/libnx/lib\libnx.a(random.o)
                0x00000000000056c0                randomGet64
 .text._bsdStartMonitoring
                0x00000000000056e0       0xf4 D:/DevkitPro/libnx/lib\libnx.a(bsd.o)
 *fill*         0x00000000000057d4        0xc 
 .text._bsdCleanup
                0x00000000000057e0       0xe0 D:/DevkitPro/libnx/lib\libnx.a(bsd.o)
 .text._bsdCmdInSockfdSockaddr
                0x00000000000058c0      0x1bc D:/DevkitPro/libnx/lib\libnx.a(bsd.o)
 *fill*         0x0000000000005a7c        0x4 
 .text._bsdCmdInDomainTypeProtocol
                0x0000000000005a80      0x148 D:/DevkitPro/libnx/lib\libnx.a(bsd.o)
 *fill*         0x0000000000005bc8        0x8 
 .text._bsdRegisterClient.constprop.0
                0x0000000000005bd0      0x130 D:/DevkitPro/libnx/lib\libnx.a(bsd.o)
 .text.bsdInitialize
                0x0000000000005d00      0x21c D:/DevkitPro/libnx/lib\libnx.a(bsd.o)
                0x0000000000005d00                bsdInitialize
 *fill*         0x0000000000005f1c        0x4 
 .text.bsdExit  0x0000000000005f20       0x44 D:/DevkitPro/libnx/lib\libnx.a(bsd.o)
                0x0000000000005f20                bsdExit
 *fill*         0x0000000000005f64        0xc 
 .text.bsdSocket
                0x0000000000005f70        0x8 D:/DevkitPro/libnx/lib\libnx.a(bsd.o)
                0x0000000000005f70                bsdSocket
 *fill*         0x0000000000005f78        0x8 
 .text.bsdOpen  0x0000000000005f80      0x1d8 D:/DevkitPro/libnx/lib\libnx.a(bsd.o)
                0x0000000000005f80                bsdOpen
 *fill*         0x0000000000006158        0x8 
 .text.bsdConnect
                0x0000000000006160        0x8 D:/DevkitPro/libnx/lib\libnx.a(bsd.o)
                0x0000000000006160                bsdConnect
 *fill*         0x0000000000006168        0x8 
 .text.bsdWrite
                0x0000000000006170      0x1d0 D:/DevkitPro/libnx/lib\libnx.a(bsd.o)
                0x0000000000006170                bsdWrite
 .text.bsdRead  0x0000000000006340      0x1cc D:/DevkitPro/libnx/lib\libnx.a(bsd.o)
                0x0000000000006340                bsdRead
 *fill*         0x000000000000650c        0x4 
 .text.bsdClose
                0x0000000000006510      0x13c D:/DevkitPro/libnx/lib\libnx.a(bsd.o)
                0x0000000000006510                bsdClose
 *fill*         0x000000000000664c        0x4 
 .text._fsCleanup
                0x0000000000006650       0xb4 D:/DevkitPro/libnx/lib\libnx.a(fs.o)
 *fill*         0x0000000000006704        0xc 
 .text._fsCmdNoIO
                0x0000000000006710      0x1b0 D:/DevkitPro/libnx/lib\libnx.a(fs.o)
 .text._fsFsCmdWithInPath
                0x00000000000068c0      0x1d4 D:/DevkitPro/libnx/lib\libnx.a(fs.o)
 *fill*         0x0000000000006a94        0xc 
 .text._fsFsCmdWithTwoInPaths
                0x0000000000006aa0      0x1fc D:/DevkitPro/libnx/lib\libnx.a(fs.o)
 *fill*         0x0000000000006c9c        0x4 
 .text._fsFsOpenCommon
                0x0000000000006ca0      0x23c D:/DevkitPro/libnx/lib\libnx.a(fs.o)
 *fill*         0x0000000000006edc        0x4 
 .text._fsFsCmdWithInPathAndOutU64
                0x0000000000006ee0      0x1f0 D:/DevkitPro/libnx/lib\libnx.a(fs.o)
 .text._fsObjectClose
                0x00000000000070d0       0xf4 D:/DevkitPro/libnx/lib\libnx.a(fs.o)
 *fill*         0x00000000000071c4        0xc 
 .text._fsCmdGetSession.constprop.0
                0x00000000000071d0      0x17c D:/DevkitPro/libnx/lib\libnx.a(fs.o)
 *fill*         0x000000000000734c        0x4 
 .text.fsInitialize
                0x0000000000007350      0x318 D:/DevkitPro/libnx/lib\libnx.a(fs.o)
                0x0000000000007350                fsInitialize
 *fill*         0x0000000000007668        0x8 
 .text.fsExit   0x0000000000007670       0x44 D:/DevkitPro/libnx/lib\libnx.a(fs.o)
                0x0000000000007670                fsExit
 *fill*         0x00000000000076b4        0xc 
 .text.fsOpenSdCardFileSystem
                0x00000000000076c0        0x8 D:/DevkitPro/libnx/lib\libnx.a(fs.o)
                0x00000000000076c0                fsOpenSdCardFileSystem
 *fill*         0x00000000000076c8        0x8 
 .text.fsOpenDataStorageByCurrentProcess
                0x00000000000076d0        0x8 D:/DevkitPro/libnx/lib\libnx.a(fs.o)
                0x00000000000076d0                fsOpenDataStorageByCurrentProcess
 *fill*         0x00000000000076d8        0x8 
 .text.fsFsCreateFile
                0x00000000000076e0      0x1e4 D:/DevkitPro/libnx/lib\libnx.a(fs.o)
                0x00000000000076e0                fsFsCreateFile
 *fill*         0x00000000000078c4        0xc 
 .text.fsFsDeleteFile
                0x00000000000078d0        0x8 D:/DevkitPro/libnx/lib\libnx.a(fs.o)
                0x00000000000078d0                fsFsDeleteFile
 *fill*         0x00000000000078d8        0x8 
 .text.fsFsCreateDirectory
                0x00000000000078e0        0x8 D:/DevkitPro/libnx/lib\libnx.a(fs.o)
                0x00000000000078e0                fsFsCreateDirectory
 *fill*         0x00000000000078e8        0x8 
 .text.fsFsDeleteDirectory
                0x00000000000078f0        0x8 D:/DevkitPro/libnx/lib\libnx.a(fs.o)
                0x00000000000078f0                fsFsDeleteDirectory
 *fill*         0x00000000000078f8        0x8 
 .text.fsFsRenameFile
                0x0000000000007900        0x8 D:/DevkitPro/libnx/lib\libnx.a(fs.o)
                0x0000000000007900                fsFsRenameFile
 *fill*         0x0000000000007908        0x8 
 .text.fsFsRenameDirectory
                0x0000000000007910        0x8 D:/DevkitPro/libnx/lib\libnx.a(fs.o)
                0x0000000000007910                fsFsRenameDirectory
 *fill*         0x0000000000007918        0x8 
 .text.fsFsGetEntryType
                0x0000000000007920      0x1ec D:/DevkitPro/libnx/lib\libnx.a(fs.o)
                0x0000000000007920                fsFsGetEntryType
 *fill*         0x0000000000007b0c        0x4 
 .text.fsFsOpenFile
                0x0000000000007b10        0x8 D:/DevkitPro/libnx/lib\libnx.a(fs.o)
                0x0000000000007b10                fsFsOpenFile
 *fill*         0x0000000000007b18        0x8 
 .text.fsFsOpenDirectory
                0x0000000000007b20        0x8 D:/DevkitPro/libnx/lib\libnx.a(fs.o)
                0x0000000000007b20                fsFsOpenDirectory
 *fill*         0x0000000000007b28        0x8 
 .text.fsFsGetFreeSpace
                0x0000000000007b30        0x8 D:/DevkitPro/libnx/lib\libnx.a(fs.o)
                0x0000000000007b30                fsFsGetFreeSpace
 *fill*         0x0000000000007b38        0x8 
 .text.fsFsGetTotalSpace
                0x0000000000007b40        0x8 D:/DevkitPro/libnx/lib\libnx.a(fs.o)
                0x0000000000007b40                fsFsGetTotalSpace
 *fill*         0x0000000000007b48        0x8 
 .text.fsFsGetFileTimeStampRaw
                0x0000000000007b50      0x230 D:/DevkitPro/libnx/lib\libnx.a(fs.o)
                0x0000000000007b50                fsFsGetFileTimeStampRaw
 .text.fsFsClose
                0x0000000000007d80        0x4 D:/DevkitPro/libnx/lib\libnx.a(fs.o)
                0x0000000000007d80                fsFsClose
 *fill*         0x0000000000007d84        0xc 
 .text.fsFileRead
                0x0000000000007d90      0x210 D:/DevkitPro/libnx/lib\libnx.a(fs.o)
                0x0000000000007d90                fsFileRead
 .text.fsFileWrite
                0x0000000000007fa0      0x200 D:/DevkitPro/libnx/lib\libnx.a(fs.o)
                0x0000000000007fa0                fsFileWrite
 .text.fsFileFlush
                0x00000000000081a0        0x8 D:/DevkitPro/libnx/lib\libnx.a(fs.o)
                0x00000000000081a0                fsFileFlush
 *fill*         0x00000000000081a8        0x8 
 .text.fsFileSetSize
                0x00000000000081b0      0x1b4 D:/DevkitPro/libnx/lib\libnx.a(fs.o)
                0x00000000000081b0                fsFileSetSize
 *fill*         0x0000000000008364        0xc 
 .text.fsFileGetSize
                0x0000000000008370      0x1c4 D:/DevkitPro/libnx/lib\libnx.a(fs.o)
                0x0000000000008370                fsFileGetSize
 *fill*         0x0000000000008534        0xc 
 .text.fsFileClose
                0x0000000000008540        0x4 D:/DevkitPro/libnx/lib\libnx.a(fs.o)
                0x0000000000008540                fsFileClose
 *fill*         0x0000000000008544        0xc 
 .text.fsDirClose
                0x0000000000008550        0x4 D:/DevkitPro/libnx/lib\libnx.a(fs.o)
                0x0000000000008550                fsDirClose
 *fill*         0x0000000000008554        0xc 
 .text.fsDirRead
                0x0000000000008560      0x204 D:/DevkitPro/libnx/lib\libnx.a(fs.o)
                0x0000000000008560                fsDirRead
 *fill*         0x0000000000008764        0xc 
 .text.fsStorageRead
                0x0000000000008770      0x1f0 D:/DevkitPro/libnx/lib\libnx.a(fs.o)
                0x0000000000008770                fsStorageRead
 .text.fsStorageClose
                0x0000000000008960        0x4 D:/DevkitPro/libnx/lib\libnx.a(fs.o)
                0x0000000000008960                fsStorageClose
 *fill*         0x0000000000008964        0xc 
 .text._timeCleanup
                0x0000000000008970      0x228 D:/DevkitPro/libnx/lib\libnx.a(time.o)
 *fill*         0x0000000000008b98        0x8 
 .text._timeCmdNoInOutU64.constprop.0
                0x0000000000008ba0       0xc8 D:/DevkitPro/libnx/lib\libnx.a(time.o)
 *fill*         0x0000000000008c68        0x8 
 .text._timeCmdGetSession.constprop.0
                0x0000000000008c70      0x100 D:/DevkitPro/libnx/lib\libnx.a(time.o)
 .text._timeGetSharedMemoryNativeHandle.constprop.0
                0x0000000000008d70       0xcc D:/DevkitPro/libnx/lib\libnx.a(time.o)
 *fill*         0x0000000000008e3c        0x4 
 .text._timeReadClockFromSharedMem
                0x0000000000008e40      0x110 D:/DevkitPro/libnx/lib\libnx.a(time.o)
 .text.timeInitialize
                0x0000000000008f50      0x238 D:/DevkitPro/libnx/lib\libnx.a(time.o)
                0x0000000000008f50                timeInitialize
 *fill*         0x0000000000009188        0x8 
 .text.timeExit
                0x0000000000009190       0x44 D:/DevkitPro/libnx/lib\libnx.a(time.o)
                0x0000000000009190                timeExit
 *fill*         0x00000000000091d4        0xc 
 .text.timeGetServiceSession_SystemClock
                0x00000000000091e0       0x38 D:/DevkitPro/libnx/lib\libnx.a(time.o)
                0x00000000000091e0                timeGetServiceSession_SystemClock
 *fill*         0x0000000000009218        0x8 
 .text.timeGetCurrentTime
                0x0000000000009220       0x5c D:/DevkitPro/libnx/lib\libnx.a(time.o)
                0x0000000000009220                timeGetCurrentTime
 *fill*         0x000000000000927c        0x4 
 .text.timeToCalendarTimeWithMyRule
                0x0000000000009280      0x110 D:/DevkitPro/libnx/lib\libnx.a(time.o)
                0x0000000000009280                timeToCalendarTimeWithMyRule
 .text.timeToPosixTimeWithMyRule
                0x0000000000009390      0x104 D:/DevkitPro/libnx/lib\libnx.a(time.o)
                0x0000000000009390                timeToPosixTimeWithMyRule
 *fill*         0x0000000000009494        0xc 
 .text._hidCleanup
                0x00000000000094a0      0x108 D:/DevkitPro/libnx/lib\libnx.a(hid.o)
 *fill*         0x00000000000095a8        0x8 
 .text._hidCmdInAruidNoOut
                0x00000000000095b0       0xd4 D:/DevkitPro/libnx/lib\libnx.a(hid.o)
 *fill*         0x0000000000009684        0xc 
 .text._hidCmdInU32AruidNoOut
                0x0000000000009690       0xe0 D:/DevkitPro/libnx/lib\libnx.a(hid.o)
 .text._hidGetStates
                0x0000000000009770      0x184 D:/DevkitPro/libnx/lib\libnx.a(hid.o)
 *fill*         0x00000000000098f4        0xc 
 .text._hidCreateAppletResource.constprop.0
                0x0000000000009900      0x118 D:/DevkitPro/libnx/lib\libnx.a(hid.o)
 *fill*         0x0000000000009a18        0x8 
 .text._hidCmdGetHandle.constprop.0
                0x0000000000009a20       0xc8 D:/DevkitPro/libnx/lib\libnx.a(hid.o)
 *fill*         0x0000000000009ae8        0x8 
 .text.hidInitialize
                0x0000000000009af0       0xdc D:/DevkitPro/libnx/lib\libnx.a(hid.o)
                0x0000000000009af0                hidInitialize
 *fill*         0x0000000000009bcc        0x4 
 .text.hidExit  0x0000000000009bd0       0x44 D:/DevkitPro/libnx/lib\libnx.a(hid.o)
                0x0000000000009bd0                hidExit
 *fill*         0x0000000000009c14        0xc 
 .text.hidGetSharedmemAddr
                0x0000000000009c20        0xc D:/DevkitPro/libnx/lib\libnx.a(hid.o)
                0x0000000000009c20                hidGetSharedmemAddr
 *fill*         0x0000000000009c2c        0x4 
 .text.hidGetNpadStyleSet
                0x0000000000009c30       0x94 D:/DevkitPro/libnx/lib\libnx.a(hid.o)
                0x0000000000009c30                hidGetNpadStyleSet
 *fill*         0x0000000000009cc4        0xc 
 .text.hidInitializeNpad
                0x0000000000009cd0       0x6c D:/DevkitPro/libnx/lib\libnx.a(hid.o)
                0x0000000000009cd0                hidInitializeNpad
 *fill*         0x0000000000009d3c        0x4 
 .text.hidGetNpadStatesFullKey
                0x0000000000009d40       0xac D:/DevkitPro/libnx/lib\libnx.a(hid.o)
                0x0000000000009d40                hidGetNpadStatesFullKey
 *fill*         0x0000000000009dec        0x4 
 .text.hidGetNpadStatesHandheld
                0x0000000000009df0       0xac D:/DevkitPro/libnx/lib\libnx.a(hid.o)
                0x0000000000009df0                hidGetNpadStatesHandheld
 *fill*         0x0000000000009e9c        0x4 
 .text.hidGetNpadStatesJoyDual
                0x0000000000009ea0       0xac D:/DevkitPro/libnx/lib\libnx.a(hid.o)
                0x0000000000009ea0                hidGetNpadStatesJoyDual
 *fill*         0x0000000000009f4c        0x4 
 .text.hidGetNpadStatesJoyLeft
                0x0000000000009f50       0xac D:/DevkitPro/libnx/lib\libnx.a(hid.o)
                0x0000000000009f50                hidGetNpadStatesJoyLeft
 *fill*         0x0000000000009ffc        0x4 
 .text.hidGetNpadStatesJoyRight
                0x000000000000a000       0xac D:/DevkitPro/libnx/lib\libnx.a(hid.o)
                0x000000000000a000                hidGetNpadStatesJoyRight
 *fill*         0x000000000000a0ac        0x4 
 .text.hidGetNpadStatesGc
                0x000000000000a0b0      0x174 D:/DevkitPro/libnx/lib\libnx.a(hid.o)
                0x000000000000a0b0                hidGetNpadStatesGc
 *fill*         0x000000000000a224        0xc 
 .text.hidGetNpadStatesSystemExt
                0x000000000000a230       0xb0 D:/DevkitPro/libnx/lib\libnx.a(hid.o)
                0x000000000000a230                hidGetNpadStatesSystemExt
 .text.hidSetSupportedNpadStyleSet
                0x000000000000a2e0        0x8 D:/DevkitPro/libnx/lib\libnx.a(hid.o)
                0x000000000000a2e0                hidSetSupportedNpadStyleSet
 *fill*         0x000000000000a2e8        0x8 
 .text.hidSetSupportedNpadIdType
                0x000000000000a2f0       0xfc D:/DevkitPro/libnx/lib\libnx.a(hid.o)
                0x000000000000a2f0                hidSetSupportedNpadIdType
 *fill*         0x000000000000a3ec        0x4 
 .text.__nx_dynamic
                0x000000000000a3f0       0xa0 D:/DevkitPro/libnx/lib\libnx.a(dynamic.o)
                0x000000000000a3f0                __nx_dynamic
 .text.__libnx_initheap
                0x000000000000a490       0xd8 D:/DevkitPro/libnx/lib\libnx.a(init.o)
                0x000000000000a490                __libnx_initheap
 *fill*         0x000000000000a568        0x8 
 .text.__appInit
                0x000000000000a570       0xec D:/DevkitPro/libnx/lib\libnx.a(init.o)
                0x000000000000a570                __appInit
 *fill*         0x000000000000a65c        0x4 
 .text.__appExit
                0x000000000000a660       0x44 D:/DevkitPro/libnx/lib\libnx.a(init.o)
                0x000000000000a660                __appExit
 *fill*         0x000000000000a6a4        0xc 
 .text.__libnx_init
                0x000000000000a6b0       0x2c D:/DevkitPro/libnx/lib\libnx.a(init.o)
                0x000000000000a6b0                __libnx_init
 *fill*         0x000000000000a6dc        0x4 
 .text.__libnx_exit
                0x000000000000a6e0       0x20 D:/DevkitPro/libnx/lib\libnx.a(init.o)
                0x000000000000a6e0                __libnx_exit
 .text.nxlinkSetup
                0x000000000000a700       0xc4 D:/DevkitPro/libnx/lib\libnx.a(nxlink.o)
                0x000000000000a700                nxlinkSetup
 *fill*         0x000000000000a7c4        0xc 
 .text.envSetup
                0x000000000000a7d0      0x24c D:/DevkitPro/libnx/lib\libnx.a(env.o)
                0x000000000000a7d0                envSetup
 *fill*         0x000000000000aa1c        0x4 
 .text.envGetMainThreadHandle
                0x000000000000aa20       0x20 D:/DevkitPro/libnx/lib\libnx.a(env.o)
                0x000000000000aa20                envGetMainThreadHandle
 .text.envIsNso
                0x000000000000aa40        0xc D:/DevkitPro/libnx/lib\libnx.a(env.o)
                0x000000000000aa40                envIsNso
 *fill*         0x000000000000aa4c        0x4 
 .text.envHasHeapOverride
                0x000000000000aa50       0x14 D:/DevkitPro/libnx/lib\libnx.a(env.o)
                0x000000000000aa50                envHasHeapOverride
 *fill*         0x000000000000aa64        0xc 
 .text.envGetHeapOverrideAddr
                0x000000000000aa70        0xc D:/DevkitPro/libnx/lib\libnx.a(env.o)
                0x000000000000aa70                envGetHeapOverrideAddr
 *fill*         0x000000000000aa7c        0x4 
 .text.envGetHeapOverrideSize
                0x000000000000aa80        0xc D:/DevkitPro/libnx/lib\libnx.a(env.o)
                0x000000000000aa80                envGetHeapOverrideSize
 *fill*         0x000000000000aa8c        0x4 
 .text.envHasArgv
                0x000000000000aa90       0x14 D:/DevkitPro/libnx/lib\libnx.a(env.o)
                0x000000000000aa90                envHasArgv
 *fill*         0x000000000000aaa4        0xc 
 .text.envGetArgv
                0x000000000000aab0        0xc D:/DevkitPro/libnx/lib\libnx.a(env.o)
                0x000000000000aab0                envGetArgv
 *fill*         0x000000000000aabc        0x4 
 .text.envGetExitFuncPtr
                0x000000000000aac0        0xc D:/DevkitPro/libnx/lib\libnx.a(env.o)
                0x000000000000aac0                envGetExitFuncPtr
 *fill*         0x000000000000aacc        0x4 
 .text.envSetExitFuncPtr
                0x000000000000aad0        0xc D:/DevkitPro/libnx/lib\libnx.a(env.o)
                0x000000000000aad0                envSetExitFuncPtr
 *fill*         0x000000000000aadc        0x4 
 .text.envHasRandomSeed
                0x000000000000aae0        0xc D:/DevkitPro/libnx/lib\libnx.a(env.o)
                0x000000000000aae0                envHasRandomSeed
 *fill*         0x000000000000aaec        0x4 
 .text.envGetRandomSeed
                0x000000000000aaf0       0x18 D:/DevkitPro/libnx/lib\libnx.a(env.o)
                0x000000000000aaf0                envGetRandomSeed
 *fill*         0x000000000000ab08        0x8 
 .text.__libnx_alloc
                0x000000000000ab10        0x4 D:/DevkitPro/libnx/lib\libnx.a(alloc.o)
                0x000000000000ab10                __libnx_alloc
 *fill*         0x000000000000ab14        0xc 
 .text.__libnx_aligned_alloc
                0x000000000000ab20       0x14 D:/DevkitPro/libnx/lib\libnx.a(alloc.o)
                0x000000000000ab20                __libnx_aligned_alloc
 *fill*         0x000000000000ab34        0xc 
 .text.__libnx_free
                0x000000000000ab40        0x4 D:/DevkitPro/libnx/lib\libnx.a(alloc.o)
                0x000000000000ab40                __libnx_free
 *fill*         0x000000000000ab44        0xc 
 .text.__syscall_exit
                0x000000000000ab50       0x1c D:/DevkitPro/libnx/lib\libnx.a(newlib.o)
                0x000000000000ab50                __syscall_exit
 *fill*         0x000000000000ab6c        0x4 
 .text.__syscall_getreent
                0x000000000000ab70       0x34 D:/DevkitPro/libnx/lib\libnx.a(newlib.o)
                0x000000000000ab70                __syscall_getreent
 *fill*         0x000000000000aba4        0xc 
 .text.__syscall_lock_acquire
                0x000000000000abb0        0x4 D:/DevkitPro/libnx/lib\libnx.a(newlib.o)
                0x000000000000abb0                __syscall_lock_acquire
 *fill*         0x000000000000abb4        0xc 
 .text.__syscall_lock_release
                0x000000000000abc0        0x4 D:/DevkitPro/libnx/lib\libnx.a(newlib.o)
                0x000000000000abc0                __syscall_lock_release
 *fill*         0x000000000000abc4        0xc 
 .text.__syscall_lock_acquire_recursive
                0x000000000000abd0        0x4 D:/DevkitPro/libnx/lib\libnx.a(newlib.o)
                0x000000000000abd0                __syscall_lock_acquire_recursive
 *fill*         0x000000000000abd4        0xc 
 .text.__syscall_lock_release_recursive
                0x000000000000abe0        0x4 D:/DevkitPro/libnx/lib\libnx.a(newlib.o)
                0x000000000000abe0                __syscall_lock_release_recursive
 *fill*         0x000000000000abe4        0xc 
 .text.__libnx_init_time
                0x000000000000abf0      0x228 D:/DevkitPro/libnx/lib\libnx.a(newlib.o)
                0x000000000000abf0                __libnx_init_time
 *fill*         0x000000000000ae18        0x8 
 .text.__syscall_gettod_r
                0x000000000000ae20       0x8c D:/DevkitPro/libnx/lib\libnx.a(newlib.o)
                0x000000000000ae20                __syscall_gettod_r
 *fill*         0x000000000000aeac        0x4 
 .text.newlibSetup
                0x000000000000aeb0       0x84 D:/DevkitPro/libnx/lib\libnx.a(newlib.o)
                0x000000000000aeb0                newlibSetup
 *fill*         0x000000000000af34        0xc 
 .text.argvSetup
                0x000000000000af40      0x320 D:/DevkitPro/libnx/lib\libnx.a(argv.o)
                0x000000000000af40                argvSetup
 .text.__libnx_exception_entry
                0x000000000000b260      0x1c0 D:/DevkitPro/libnx/lib\libnx.a(exception.o)
                0x000000000000b260                __libnx_exception_entry
 .text.__libnx_exception_returnentry
                0x000000000000b420       0x18 D:/DevkitPro/libnx/lib\libnx.a(exception.o)
                0x000000000000b420                __libnx_exception_returnentry
 *fill*         0x000000000000b438        0x8 
 .text.shmemLoadRemote
                0x000000000000b440       0x14 D:/DevkitPro/libnx/lib\libnx.a(shmem.o)
                0x000000000000b440                shmemLoadRemote
 *fill*         0x000000000000b454        0xc 
 .text.shmemMap
                0x000000000000b460       0x88 D:/DevkitPro/libnx/lib\libnx.a(shmem.o)
                0x000000000000b460                shmemMap
 *fill*         0x000000000000b4e8        0x8 
 .text.shmemUnmap
                0x000000000000b4f0       0x34 D:/DevkitPro/libnx/lib\libnx.a(shmem.o)
                0x000000000000b4f0                shmemUnmap
 *fill*         0x000000000000b524        0xc 
 .text.shmemClose
                0x000000000000b530       0x44 D:/DevkitPro/libnx/lib\libnx.a(shmem.o)
                0x000000000000b530                shmemClose
 *fill*         0x000000000000b574        0xc 
 .text.waitObjects
                0x000000000000b580      0x45c D:/DevkitPro/libnx/lib\libnx.a(wait.o)
                0x000000000000b580                waitObjects
 *fill*         0x000000000000b9dc        0x4 
 .text.condvarWaitTimeout
                0x000000000000b9e0       0x64 D:/DevkitPro/libnx/lib\libnx.a(condvar.o)
                0x000000000000b9e0                condvarWaitTimeout
 *fill*         0x000000000000ba44        0xc 
 .text.__libnx_init_thread
                0x000000000000ba50       0xac D:/DevkitPro/libnx/lib\libnx.a(thread.o)
                0x000000000000ba50                __libnx_init_thread
 *fill*         0x000000000000bafc        0x4 
 .text.sessionmgrCreate
                0x000000000000bb00      0x180 D:/DevkitPro/libnx/lib\libnx.a(sessionmgr.o)
                0x000000000000bb00                sessionmgrCreate
 .text.sessionmgrClose
                0x000000000000bc80       0x84 D:/DevkitPro/libnx/lib\libnx.a(sessionmgr.o)
                0x000000000000bc80                sessionmgrClose
 *fill*         0x000000000000bd04        0xc 
 .text.sessionmgrAttachClient
                0x000000000000bd10       0xb4 D:/DevkitPro/libnx/lib\libnx.a(sessionmgr.o)
                0x000000000000bd10                sessionmgrAttachClient
 *fill*         0x000000000000bdc4        0xc 
 .text.sessionmgrDetachClient
                0x000000000000bdd0       0x70 D:/DevkitPro/libnx/lib\libnx.a(sessionmgr.o)
                0x000000000000bdd0                sessionmgrDetachClient
 .text._setsysGetFirmwareVersionImpl
                0x000000000000be40       0xd4 D:/DevkitPro/libnx/lib\libnx.a(set.o)
 *fill*         0x000000000000bf14        0xc 
 .text._setsysCleanup
                0x000000000000bf20       0x68 D:/DevkitPro/libnx/lib\libnx.a(set.o)
 *fill*         0x000000000000bf88        0x8 
 .text.setsysInitialize
                0x000000000000bf90       0xa0 D:/DevkitPro/libnx/lib\libnx.a(set.o)
                0x000000000000bf90                setsysInitialize
 .text.setsysExit
                0x000000000000c030       0x44 D:/DevkitPro/libnx/lib\libnx.a(set.o)
                0x000000000000c030                setsysExit
 *fill*         0x000000000000c074        0xc 
 .text.setsysGetFirmwareVersion
                0x000000000000c080       0x44 D:/DevkitPro/libnx/lib\libnx.a(set.o)
                0x000000000000c080                setsysGetFirmwareVersion
 *fill*         0x000000000000c0c4        0xc 
 .text._appletInfiniteSleepLoop
                0x000000000000c0d0       0x24 D:/DevkitPro/libnx/lib\libnx.a(applet.o)
 *fill*         0x000000000000c0f4        0xc 
 .text._appletCmdGetSession
                0x000000000000c100      0x108 D:/DevkitPro/libnx/lib\libnx.a(applet.o)
 *fill*         0x000000000000c208        0x8 
 .text._appletCmdInU8NoOut
                0x000000000000c210       0xcc D:/DevkitPro/libnx/lib\libnx.a(applet.o)
 *fill*         0x000000000000c2dc        0x4 
 .text._appletGetLaunchReason
                0x000000000000c2e0      0x104 D:/DevkitPro/libnx/lib\libnx.a(applet.o)
 *fill*         0x000000000000c3e4        0xc 
 .text._appletSetFocusHandlingMode
                0x000000000000c3f0       0xe4 D:/DevkitPro/libnx/lib\libnx.a(applet.o)
 *fill*         0x000000000000c4d4        0xc 
 .text._appletCmdInU32NoOut
                0x000000000000c4e0       0xcc D:/DevkitPro/libnx/lib\libnx.a(applet.o)
 *fill*         0x000000000000c5ac        0x4 
 .text._appletGetSessionProxy.constprop.0
                0x000000000000c5b0      0x138 D:/DevkitPro/libnx/lib\libnx.a(applet.o)
 *fill*         0x000000000000c6e8        0x8 
 .text._appletOpenLibraryAppletProxy.constprop.0
                0x000000000000c6f0      0x154 D:/DevkitPro/libnx/lib\libnx.a(applet.o)
 *fill*         0x000000000000c844        0xc 
 .text._appletCmdGetHandle.constprop.0.isra.0
                0x000000000000c850       0xd0 D:/DevkitPro/libnx/lib\libnx.a(applet.o)
 .text._appletCmdNoInOutU8.isra.0
                0x000000000000c920       0xd4 D:/DevkitPro/libnx/lib\libnx.a(applet.o)
 *fill*         0x000000000000c9f4        0xc 
 .text._appletCmdNoInOutU32.isra.0
                0x000000000000ca00       0xd4 D:/DevkitPro/libnx/lib\libnx.a(applet.o)
 *fill*         0x000000000000cad4        0xc 
 .text._appletCmdNoInOutU64.isra.0
                0x000000000000cae0       0xd4 D:/DevkitPro/libnx/lib\libnx.a(applet.o)
 *fill*         0x000000000000cbb4        0xc 
 .text._appletCmdNoIO.isra.0
                0x000000000000cbc0       0xc0 D:/DevkitPro/libnx/lib\libnx.a(applet.o)
 .text.appletSetFocusHandlingMode
                0x000000000000cc80      0x118 D:/DevkitPro/libnx/lib\libnx.a(applet.o)
                0x000000000000cc80                appletSetFocusHandlingMode
 *fill*         0x000000000000cd98        0x8 
 .text.appletSetCpuBoostMode
                0x000000000000cda0       0x5c D:/DevkitPro/libnx/lib\libnx.a(applet.o)
                0x000000000000cda0                appletSetCpuBoostMode
 *fill*         0x000000000000cdfc        0x4 
 .text.appletGetAppletResourceUserId
                0x000000000000ce00        0xc D:/DevkitPro/libnx/lib\libnx.a(applet.o)
                0x000000000000ce00                appletGetAppletResourceUserId
 *fill*         0x000000000000ce0c        0x4 
 .text._appletGetIndirectLayerConsumerHandle
                0x000000000000ce10       0xf8 D:/DevkitPro/libnx/lib\libnx.a(applet.o)
 *fill*         0x000000000000cf08        0x8 
 .text._appletHolderCreateState
                0x000000000000cf10       0x88 D:/DevkitPro/libnx/lib\libnx.a(applet.o)
 *fill*         0x000000000000cf98        0x8 
 .text.appletHolderClose
                0x000000000000cfa0       0xa8 D:/DevkitPro/libnx/lib\libnx.a(applet.o)
                0x000000000000cfa0                appletHolderClose
 *fill*         0x000000000000d048        0x8 
 .text.appletHolderGetLibraryAppletInfo
                0x000000000000d050       0x24 D:/DevkitPro/libnx/lib\libnx.a(applet.o)
                0x000000000000d050                appletHolderGetLibraryAppletInfo
 *fill*         0x000000000000d074        0xc 
 .text.appletNotifyRunning
                0x000000000000d080       0x90 D:/DevkitPro/libnx/lib\libnx.a(applet.o)
                0x000000000000d080                appletNotifyRunning
 .text.appletSetGamePlayRecordingState
                0x000000000000d110       0x8c D:/DevkitPro/libnx/lib\libnx.a(applet.o)
                0x000000000000d110                appletSetGamePlayRecordingState
 *fill*         0x000000000000d19c        0x4 
 .text._appletCleanup
                0x000000000000d1a0      0xac0 D:/DevkitPro/libnx/lib\libnx.a(applet.o)
 .text.appletExit
                0x000000000000dc60       0x44 D:/DevkitPro/libnx/lib\libnx.a(applet.o)
                0x000000000000dc60                appletExit
 *fill*         0x000000000000dca4        0xc 
 .text.appletGetLibraryAppletInfo
                0x000000000000dcb0       0x40 D:/DevkitPro/libnx/lib\libnx.a(applet.o)
                0x000000000000dcb0                appletGetLibraryAppletInfo
 .text.appletInitialize
                0x000000000000dcf0      0xa10 D:/DevkitPro/libnx/lib\libnx.a(applet.o)
                0x000000000000dcf0                appletInitialize
 .text._appletExitProcess
                0x000000000000e700       0x24 D:/DevkitPro/libnx/lib\libnx.a(applet.o)
 *fill*         0x000000000000e724        0xc 
 .text._apmCleanup
                0x000000000000e730       0xc0 D:/DevkitPro/libnx/lib\libnx.a(apm.o)
 .text._apmCmdGetSession.constprop.0
                0x000000000000e7f0       0xfc D:/DevkitPro/libnx/lib\libnx.a(apm.o)
 *fill*         0x000000000000e8ec        0x4 
 .text.apmInitialize
                0x000000000000e8f0       0xa0 D:/DevkitPro/libnx/lib\libnx.a(apm.o)
                0x000000000000e8f0                apmInitialize
 .text.apmExit  0x000000000000e990       0x44 D:/DevkitPro/libnx/lib\libnx.a(apm.o)
                0x000000000000e990                apmExit
 *fill*         0x000000000000e9d4        0xc 
 .text.apmSetPerformanceConfiguration
                0x000000000000e9e0       0xc8 D:/DevkitPro/libnx/lib\libnx.a(apm.o)
                0x000000000000e9e0                apmSetPerformanceConfiguration
 *fill*         0x000000000000eaa8        0x8 
 .text.aligned_alloc
                0x000000000000eab0       0x2c d:/devkitpro/devkita64/bin/../lib/gcc/aarch64-none-elf/11.2.0/../../../../aarch64-none-elf/lib/pic\libg.a(lib_a-aligned_alloc.o)
                0x000000000000eab0                aligned_alloc
 *fill*         0x000000000000eadc        0x4 
 .text.bsearch  0x000000000000eae0       0xb8 d:/devkitpro/devkita64/bin/../lib/gcc/aarch64-none-elf/11.2.0/../../../../aarch64-none-elf/lib/pic\libg.a(lib_a-bsearch.o)
                0x000000000000eae0                bsearch
 *fill*         0x000000000000eb98        0x8 
 .text.__errno  0x000000000000eba0       0x14 d:/devkitpro/devkita64/bin/../lib/gcc/aarch64-none-elf/11.2.0/../../../../aarch64-none-elf/lib/pic\libg.a(lib_a-errno.o)
                0x000000000000eba0                __errno
 *fill*         0x000000000000ebb4        0xc 
 .text.__sflush_r
                0x000000000000ebc0      0x228 d:/devkitpro/devkita64/bin/../lib/gcc/aarch64-none-elf/11.2.0/../../../../aarch64-none-elf/lib/pic\libg.a(lib_a-fflush.o)
                0x000000000000ebc0                __sflush_r
 *fill*         0x000000000000ede8        0x8 
 .text._fflush_r
                0x000000000000edf0       0xb8 d:/devkitpro/devkita64/bin/../lib/gcc/aarch64-none-elf/11.2.0/../../../../aarch64-none-elf/lib/pic\libg.a(lib_a-fflush.o)
                0x000000000000edf0                _fflush_r
 *fill*         0x000000000000eea8        0x8 
 .text.fflush   0x000000000000eeb0       0x40 d:/devkitpro/devkita64/bin/../lib/gcc/aarch64-none-elf/11.2.0/../../../../aarch64-none-elf/lib/pic\libg.a(lib_a-fflush.o)
                0x000000000000eeb0                fflush
 .text._cleanup_r
                0x000000000000eef0        0xc d:/devkitpro/devkita64/bin/../lib/gcc/aarch64-none-elf/11.2.0/../../../../aarch64-none-elf/lib/pic\libg.a(lib_a-findfp.o)
                0x000000000000eef0                _cleanup_r
 *fill*         0x000000000000eefc        0x4 
 .text.__sfp_lock_acquire
                0x000000000000ef00        0xc d:/devkitpro/devkita64/bin/../lib/gcc/aarch64-none-elf/11.2.0/../../../../aarch64-none-elf/lib/pic\libg.a(lib_a-findfp.o)
                0x000000000000ef00                __sfp_lock_acquire
 *fill*         0x000000000000ef0c        0x4 
 .text.__sfp_lock_release
                0x000000000000ef10        0xc d:/devkitpro/devkita64/bin/../lib/gcc/aarch64-none-elf/11.2.0/../../../../aarch64-none-elf/lib/pic\libg.a(lib_a-findfp.o)
                0x000000000000ef10                __sfp_lock_release
 *fill*         0x000000000000ef1c        0x4 
 .text.__sinit_lock_acquire
                0x000000000000ef20        0xc d:/devkitpro/devkita64/bin/../lib/gcc/aarch64-none-elf/11.2.0/../../../../aarch64-none-elf/lib/pic\libg.a(lib_a-findfp.o)
                0x000000000000ef20                __sinit_lock_acquire
 *fill*         0x000000000000ef2c        0x4 
 .text.__sinit_lock_release
                0x000000000000ef30        0xc d:/devkitpro/devkita64/bin/../lib/gcc/aarch64-none-elf/11.2.0/../../../../aarch64-none-elf/lib/pic\libg.a(lib_a-findfp.o)
                0x000000000000ef30                __sinit_lock_release
 *fill*         0x000000000000ef3c        0x4 
 .text.__sinit  0x000000000000ef40      0x154 d:/devkitpro/devkita64/bin/../lib/gcc/aarch64-none-elf/11.2.0/../../../../aarch64-none-elf/lib/pic\libg.a(lib_a-findfp.o)
                0x000000000000ef40                __sinit
 *fill*         0x000000000000f094        0xc 
 .text.__libc_fini_array
                0x000000000000f0a0       0x44 d:/devkitpro/devkita64/bin/../lib/gcc/aarch64-none-elf/11.2.0/../../../../aarch64-none-elf/lib/pic\libg.a(lib_a-fini.o)
                0x000000000000f0a0                __libc_fini_array
 *fill*         0x000000000000f0e4        0xc 
 .text._malloc_trim_r
                0x000000000000f0f0      0x118 d:/devkitpro/devkita64/bin/../lib/gcc/aarch64-none-elf/11.2.0/../../../../aarch64-none-elf/lib/pic\libg.a(lib_a-freer.o)
                0x000000000000f0f0                _malloc_trim_r
 *fill*         0x000000000000f208        0x8 
 .text._free_r  0x000000000000f210      0x2f0 d:/devkitpro/devkita64/bin/../lib/gcc/aarch64-none-elf/11.2.0/../../../../aarch64-none-elf/lib/pic\libg.a(lib_a-freer.o)
                0x000000000000f210                _free_r
 .text._fwalk_reent
                0x000000000000f500       0xa4 d:/devkitpro/devkita64/bin/../lib/gcc/aarch64-none-elf/11.2.0/../../../../aarch64-none-elf/lib/pic\libg.a(lib_a-fwalk.o)
                0x000000000000f500                _fwalk_reent
 *fill*         0x000000000000f5a4        0xc 
 .text.gmtime   0x000000000000f5b0       0x2c d:/devkitpro/devkita64/bin/../lib/gcc/aarch64-none-elf/11.2.0/../../../../aarch64-none-elf/lib/pic\libg.a(lib_a-gmtime.o)
                0x000000000000f5b0                gmtime
 *fill*         0x000000000000f5dc        0x4 
 .text.gmtime_r
                0x000000000000f5e0      0x29c d:/devkitpro/devkita64/bin/../lib/gcc/aarch64-none-elf/11.2.0/../../../../aarch64-none-elf/lib/pic\libg.a(lib_a-gmtime_r.o)
                0x000000000000f5e0                gmtime_r
 *fill*         0x000000000000f87c        0x4 
 .text.__libc_init_array
                0x000000000000f880       0x8c d:/devkitpro/devkita64/bin/../lib/gcc/aarch64-none-elf/11.2.0/../../../../aarch64-none-elf/lib/pic\libg.a(lib_a-init.o)
                0x000000000000f880                __libc_init_array
 *fill*         0x000000000000f90c        0x4 
 .text._memalign_r
                0x000000000000f910      0x17c d:/devkitpro/devkita64/bin/../lib/gcc/aarch64-none-elf/11.2.0/../../../../aarch64-none-elf/lib/pic\libg.a(lib_a-malignr.o)
                0x000000000000f910                _memalign_r
 *fill*         0x000000000000fa8c        0x4 
 .text.malloc   0x000000000000fa90       0x24 d:/devkitpro/devkita64/bin/../lib/gcc/aarch64-none-elf/11.2.0/../../../../aarch64-none-elf/lib/pic\libg.a(lib_a-malloc.o)
                0x000000000000fa90                malloc
 *fill*         0x000000000000fab4        0xc 
 .text.free     0x000000000000fac0       0x24 d:/devkitpro/devkita64/bin/../lib/gcc/aarch64-none-elf/11.2.0/../../../../aarch64-none-elf/lib/pic\libg.a(lib_a-malloc.o)
                0x000000000000fac0                free
 *fill*         0x000000000000fae4        0xc 
 .text._malloc_r
                0x000000000000faf0      0x86c d:/devkitpro/devkita64/bin/../lib/gcc/aarch64-none-elf/11.2.0/../../../../aarch64-none-elf/lib/pic\libg.a(lib_a-mallocr.o)
                0x000000000000faf0                _malloc_r
 *fill*         0x000000000001035c       0x24 
 .text          0x0000000000010380      0x110 d:/devkitpro/devkita64/bin/../lib/gcc/aarch64-none-elf/11.2.0/../../../../aarch64-none-elf/lib/pic\libg.a(lib_a-memcmp.o)
                0x0000000000010380                memcmp
 *fill*         0x0000000000010490       0x30 
 .text          0x00000000000104c0      0x16c d:/devkitpro/devkita64/bin/../lib/gcc/aarch64-none-elf/11.2.0/../../../../aarch64-none-elf/lib/pic\libg.a(lib_a-memcpy.o)
                0x00000000000104c0                memcpy
 *fill*         0x000000000001062c       0x14 
 .text          0x0000000000010640      0x1dc d:/devkitpro/devkita64/bin/../lib/gcc/aarch64-none-elf/11.2.0/../../../../aarch64-none-elf/lib/pic\libg.a(lib_a-memset.o)
                0x0000000000010640                memset
 *fill*         0x000000000001081c        0x4 
 .text.__malloc_lock
                0x0000000000010820        0xc d:/devkitpro/devkita64/bin/../lib/gcc/aarch64-none-elf/11.2.0/../../../../aarch64-none-elf/lib/pic\libg.a(lib_a-mlock.o)
                0x0000000000010820                __malloc_lock
 *fill*         0x000000000001082c        0x4 
 .text.__malloc_unlock
                0x0000000000010830        0xc d:/devkitpro/devkita64/bin/../lib/gcc/aarch64-none-elf/11.2.0/../../../../aarch64-none-elf/lib/pic\libg.a(lib_a-mlock.o)
                0x0000000000010830                __malloc_unlock
 *fill*         0x000000000001083c        0x4 
 .text.printf   0x0000000000010840       0x84 d:/devkitpro/devkita64/bin/../lib/gcc/aarch64-none-elf/11.2.0/../../../../aarch64-none-elf/lib/pic\libg.a(lib_a-printf.o)
                0x0000000000010840                printf
 *fill*         0x00000000000108c4        0xc 
 .text._puts_r  0x00000000000108d0       0xd0 d:/devkitpro/devkita64/bin/../lib/gcc/aarch64-none-elf/11.2.0/../../../../aarch64-none-elf/lib/pic\libg.a(lib_a-puts.o)
                0x00000000000108d0                _puts_r
 .text.puts     0x00000000000109a0       0x24 d:/devkitpro/devkita64/bin/../lib/gcc/aarch64-none-elf/11.2.0/../../../../aarch64-none-elf/lib/pic\libg.a(lib_a-puts.o)
                0x00000000000109a0                puts
 *fill*         0x00000000000109c4        0xc 
 .text.setenv   0x00000000000109d0       0x3c d:/devkitpro/devkita64/bin/../lib/gcc/aarch64-none-elf/11.2.0/../../../../aarch64-none-elf/lib/pic\libg.a(lib_a-setenv.o)
                0x00000000000109d0                setenv
 *fill*         0x0000000000010a0c        0x4 
 .text._setenv_r
                0x0000000000010a10      0x268 d:/devkitpro/devkita64/bin/../lib/gcc/aarch64-none-elf/11.2.0/../../../../aarch64-none-elf/lib/pic\libg.a(lib_a-setenv_r.o)
                0x0000000000010a10                _setenv_r
 *fill*         0x0000000000010c78        0x8 
 .text.__sread  0x0000000000010c80       0x50 d:/devkitpro/devkita64/bin/../lib/gcc/aarch64-none-elf/11.2.0/../../../../aarch64-none-elf/lib/pic\libg.a(lib_a-stdio.o)
                0x0000000000010c80                __sread
 .text.__swrite
                0x0000000000010cd0       0x6c d:/devkitpro/devkita64/bin/../lib/gcc/aarch64-none-elf/11.2.0/../../../../aarch64-none-elf/lib/pic\libg.a(lib_a-stdio.o)
                0x0000000000010cd0                __swrite
 *fill*         0x0000000000010d3c        0x4 
 .text.__sseek  0x0000000000010d40       0x50 d:/devkitpro/devkita64/bin/../lib/gcc/aarch64-none-elf/11.2.0/../../../../aarch64-none-elf/lib/pic\libg.a(lib_a-stdio.o)
                0x0000000000010d40                __sseek
 .text.__sclose
                0x0000000000010d90        0x8 d:/devkitpro/devkita64/bin/../lib/gcc/aarch64-none-elf/11.2.0/../../../../aarch64-none-elf/lib/pic\libg.a(lib_a-stdio.o)
                0x0000000000010d90                __sclose
 .text          0x0000000000010d98       0xdc d:/devkitpro/devkita64/bin/../lib/gcc/aarch64-none-elf/11.2.0/../../../../aarch64-none-elf/lib/pic\libg.a(lib_a-strchr.o)
                0x0000000000010d98                strchr
 *fill*         0x0000000000010e74        0xc 
 .text          0x0000000000010e80       0xe4 d:/devkitpro/devkita64/bin/../lib/gcc/aarch64-none-elf/11.2.0/../../../../aarch64-none-elf/lib/pic\libg.a(lib_a-strcmp.o)
                0x0000000000010e80                strcmp
 *fill*         0x0000000000010f64       0x1c 
 .text          0x0000000000010f80      0x140 d:/devkitpro/devkita64/bin/../lib/gcc/aarch64-none-elf/11.2.0/../../../../aarch64-none-elf/lib/pic\libg.a(lib_a-strlen.o)
                0x0000000000010f80                strlen
 .text.strncat  0x00000000000110c0       0x7c d:/devkitpro/devkita64/bin/../lib/gcc/aarch64-none-elf/11.2.0/../../../../aarch64-none-elf/lib/pic\libg.a(lib_a-strncat.o)
                0x00000000000110c0                strncat
 *fill*         0x000000000001113c        0x4 
 .text          0x0000000000011140      0x1d4 d:/devkitpro/devkita64/bin/../lib/gcc/aarch64-none-elf/11.2.0/../../../../aarch64-none-elf/lib/pic\libg.a(lib_a-strncmp.o)
                0x000000000001115c                strncmp
 *fill*         0x0000000000011314        0xc 
 .text.strncpy  0x0000000000011320       0x9c d:/devkitpro/devkita64/bin/../lib/gcc/aarch64-none-elf/11.2.0/../../../../aarch64-none-elf/lib/pic\libg.a(lib_a-strncpy.o)
                0x0000000000011320                strncpy
 *fill*         0x00000000000113bc        0x4 
 .text          0x00000000000113c0       0xe0 d:/devkitpro/devkita64/bin/../lib/gcc/aarch64-none-elf/11.2.0/../../../../aarch64-none-elf/lib/pic\libg.a(lib_a-strnlen.o)
                0x00000000000113e4                strnlen
 .text._strtoul_l.constprop.0
                0x00000000000114a0      0x19c d:/devkitpro/devkita64/bin/../lib/gcc/aarch64-none-elf/11.2.0/../../../../aarch64-none-elf/lib/pic\libg.a(lib_a-strtoul.o)
 *fill*         0x000000000001163c        0x4 
 .text.strtoul  0x0000000000011640       0x48 d:/devkitpro/devkita64/bin/../lib/gcc/aarch64-none-elf/11.2.0/../../../../aarch64-none-elf/lib/pic\libg.a(lib_a-strtoul.o)
                0x0000000000011640                strtoul
 *fill*         0x0000000000011688        0x8 
 .text.close    0x0000000000011690       0x24 d:/devkitpro/devkita64/bin/../lib/gcc/aarch64-none-elf/11.2.0/../../../../aarch64-none-elf/lib/pic\libg.a(lib_a-sysclose.o)
                0x0000000000011690                close
 *fill*         0x00000000000116b4        0xc 
 .text.time     0x00000000000116c0       0x40 d:/devkitpro/devkita64/bin/../lib/gcc/aarch64-none-elf/11.2.0/../../../../aarch64-none-elf/lib/pic\libg.a(lib_a-time.o)
                0x00000000000116c0                time
 .text.get_arg  0x0000000000011700      0x7e0 d:/devkitpro/devkita64/bin/../lib/gcc/aarch64-none-elf/11.2.0/../../../../aarch64-none-elf/lib/pic\libg.a(lib_a-vfprintf.o)
 .text._vfprintf_r
                0x0000000000011ee0     0x3c78 d:/devkitpro/devkita64/bin/../lib/gcc/aarch64-none-elf/11.2.0/../../../../aarch64-none-elf/lib/pic\libg.a(lib_a-vfprintf.o)
                0x0000000000011ee0                _vfprintf_r
 .text.__sbprintf
                0x0000000000015b58       0xf0 d:/devkitpro/devkita64/bin/../lib/gcc/aarch64-none-elf/11.2.0/../../../../aarch64-none-elf/lib/pic\libg.a(lib_a-vfprintf.o)
 *fill*         0x0000000000015c48        0x8 
 .text._wcrtomb_r
                0x0000000000015c50       0xd8 d:/devkitpro/devkita64/bin/../lib/gcc/aarch64-none-elf/11.2.0/../../../../aarch64-none-elf/lib/pic\libg.a(lib_a-wcrtomb.o)
                0x0000000000015c50                _wcrtomb_r
 *fill*         0x0000000000015d28        0x8 
 .text._wcsrtombs_r
                0x0000000000015d30       0x10 d:/devkitpro/devkita64/bin/../lib/gcc/aarch64-none-elf/11.2.0/../../../../aarch64-none-elf/lib/pic\libg.a(lib_a-wcsrtombs.o)
                0x0000000000015d30                _wcsrtombs_r
 .text.__swsetup_r
                0x0000000000015d40      0x140 d:/devkitpro/devkita64/bin/../lib/gcc/aarch64-none-elf/11.2.0/../../../../aarch64-none-elf/lib/pic\libg.a(lib_a-wsetup.o)
                0x0000000000015d40                __swsetup_r
 .text.__call_exitprocs
                0x0000000000015e80      0x12c d:/devkitpro/devkita64/bin/../lib/gcc/aarch64-none-elf/11.2.0/../../../../aarch64-none-elf/lib/pic\libg.a(lib_a-__call_atexit.o)
                0x0000000000015e80                __call_exitprocs
 *fill*         0x0000000000015fac        0x4 
 .text.quorem   0x0000000000015fb0      0x19c d:/devkitpro/devkita64/bin/../lib/gcc/aarch64-none-elf/11.2.0/../../../../aarch64-none-elf/lib/pic\libg.a(lib_a-dtoa.o)
 *fill*         0x000000000001614c        0x4 
 .text._dtoa_r  0x0000000000016150     0x1190 d:/devkitpro/devkita64/bin/../lib/gcc/aarch64-none-elf/11.2.0/../../../../aarch64-none-elf/lib/pic\libg.a(lib_a-dtoa.o)
                0x0000000000016150                _dtoa_r
 .text.__env_lock
                0x00000000000172e0        0xc d:/devkitpro/devkita64/bin/../lib/gcc/aarch64-none-elf/11.2.0/../../../../aarch64-none-elf/lib/pic\libg.a(lib_a-envlock.o)
                0x00000000000172e0                __env_lock
 *fill*         0x00000000000172ec        0x4 
 .text.__env_unlock
                0x00000000000172f0        0xc d:/devkitpro/devkita64/bin/../lib/gcc/aarch64-none-elf/11.2.0/../../../../aarch64-none-elf/lib/pic\libg.a(lib_a-envlock.o)
                0x00000000000172f0                __env_unlock
 *fill*         0x00000000000172fc        0x4 
 .text._fclose_r
                0x0000000000017300      0x15c d:/devkitpro/devkita64/bin/../lib/gcc/aarch64-none-elf/11.2.0/../../../../aarch64-none-elf/lib/pic\libg.a(lib_a-fclose.o)
                0x0000000000017300                _fclose_r
 *fill*         0x000000000001745c        0x4 
 .text.__sfvwrite_r
                0x0000000000017460      0x4dc d:/devkitpro/devkita64/bin/../lib/gcc/aarch64-none-elf/11.2.0/../../../../aarch64-none-elf/lib/pic\libg.a(lib_a-fvwrite.o)
                0x0000000000017460                __sfvwrite_r
 *fill*         0x000000000001793c        0x4 
 .text._findenv_r
                0x0000000000017940      0x100 d:/devkitpro/devkita64/bin/../lib/gcc/aarch64-none-elf/11.2.0/../../../../aarch64-none-elf/lib/pic\libg.a(lib_a-getenv_r.o)
                0x0000000000017940                _findenv_r
 .text.__localeconv_l
                0x0000000000017a40        0x8 d:/devkitpro/devkita64/bin/../lib/gcc/aarch64-none-elf/11.2.0/../../../../aarch64-none-elf/lib/pic\libg.a(lib_a-localeconv.o)
                0x0000000000017a40                __localeconv_l
 *fill*         0x0000000000017a48        0x8 
 .text._localeconv_r
                0x0000000000017a50       0x28 d:/devkitpro/devkita64/bin/../lib/gcc/aarch64-none-elf/11.2.0/../../../../aarch64-none-elf/lib/pic\libg.a(lib_a-localeconv.o)
                0x0000000000017a50                _localeconv_r
 *fill*         0x0000000000017a78        0x8 
 .text.__locale_mb_cur_max
                0x0000000000017a80       0x2c d:/devkitpro/devkita64/bin/../lib/gcc/aarch64-none-elf/11.2.0/../../../../aarch64-none-elf/lib/pic\libg.a(lib_a-locale.o)
                0x0000000000017a80                __locale_mb_cur_max
 *fill*         0x0000000000017aac        0x4 
 .text.__swhatbuf_r
                0x0000000000017ab0       0x94 d:/devkitpro/devkita64/bin/../lib/gcc/aarch64-none-elf/11.2.0/../../../../aarch64-none-elf/lib/pic\libg.a(lib_a-makebuf.o)
                0x0000000000017ab0                __swhatbuf_r
 *fill*         0x0000000000017b44        0xc 
 .text.__smakebuf_r
                0x0000000000017b50      0x10c d:/devkitpro/devkita64/bin/../lib/gcc/aarch64-none-elf/11.2.0/../../../../aarch64-none-elf/lib/pic\libg.a(lib_a-makebuf.o)
                0x0000000000017b50                __smakebuf_r
 *fill*         0x0000000000017c5c        0x4 
 .text.__utf8_mbtowc
                0x0000000000017c60      0x2c8 d:/devkitpro/devkita64/bin/../lib/gcc/aarch64-none-elf/11.2.0/../../../../aarch64-none-elf/lib/pic\libg.a(lib_a-mbtowc_r.o)
                0x0000000000017c60                __utf8_mbtowc
 .text          0x0000000000017f28       0xd8 d:/devkitpro/devkita64/bin/../lib/gcc/aarch64-none-elf/11.2.0/../../../../aarch64-none-elf/lib/pic\libg.a(lib_a-memchr.o)
                0x0000000000017f28                memchr
 .text          0x0000000000018000       0xac d:/devkitpro/devkita64/bin/../lib/gcc/aarch64-none-elf/11.2.0/../../../../aarch64-none-elf/lib/pic\libg.a(lib_a-memmove.o)
                0x0000000000018000                memmove
 *fill*         0x00000000000180ac        0x4 
 .text._Balloc  0x00000000000180b0       0x8c d:/devkitpro/devkita64/bin/../lib/gcc/aarch64-none-elf/11.2.0/../../../../aarch64-none-elf/lib/pic\libg.a(lib_a-mprec.o)
                0x00000000000180b0                _Balloc
 *fill*         0x000000000001813c        0x4 
 .text._Bfree   0x0000000000018140       0x1c d:/devkitpro/devkita64/bin/../lib/gcc/aarch64-none-elf/11.2.0/../../../../aarch64-none-elf/lib/pic\libg.a(lib_a-mprec.o)
                0x0000000000018140                _Bfree
 *fill*         0x000000000001815c        0x4 
 .text.__multadd
                0x0000000000018160      0x108 d:/devkitpro/devkita64/bin/../lib/gcc/aarch64-none-elf/11.2.0/../../../../aarch64-none-elf/lib/pic\libg.a(lib_a-mprec.o)
                0x0000000000018160                __multadd
 *fill*         0x0000000000018268        0x8 
 .text.__hi0bits
                0x0000000000018270       0x5c d:/devkitpro/devkita64/bin/../lib/gcc/aarch64-none-elf/11.2.0/../../../../aarch64-none-elf/lib/pic\libg.a(lib_a-mprec.o)
                0x0000000000018270                __hi0bits
 *fill*         0x00000000000182cc        0x4 
 .text.__lo0bits
                0x00000000000182d0       0x9c d:/devkitpro/devkita64/bin/../lib/gcc/aarch64-none-elf/11.2.0/../../../../aarch64-none-elf/lib/pic\libg.a(lib_a-mprec.o)
                0x00000000000182d0                __lo0bits
 *fill*         0x000000000001836c        0x4 
 .text.__i2b    0x0000000000018370       0x4c d:/devkitpro/devkita64/bin/../lib/gcc/aarch64-none-elf/11.2.0/../../../../aarch64-none-elf/lib/pic\libg.a(lib_a-mprec.o)
                0x0000000000018370                __i2b
 *fill*         0x00000000000183bc        0x4 
 .text.__multiply
                0x00000000000183c0      0x1e8 d:/devkitpro/devkita64/bin/../lib/gcc/aarch64-none-elf/11.2.0/../../../../aarch64-none-elf/lib/pic\libg.a(lib_a-mprec.o)
                0x00000000000183c0                __multiply
 *fill*         0x00000000000185a8        0x8 
 .text.__pow5mult
                0x00000000000185b0      0x104 d:/devkitpro/devkita64/bin/../lib/gcc/aarch64-none-elf/11.2.0/../../../../aarch64-none-elf/lib/pic\libg.a(lib_a-mprec.o)
                0x00000000000185b0                __pow5mult
 *fill*         0x00000000000186b4        0xc 
 .text.__lshift
                0x00000000000186c0      0x178 d:/devkitpro/devkita64/bin/../lib/gcc/aarch64-none-elf/11.2.0/../../../../aarch64-none-elf/lib/pic\libg.a(lib_a-mprec.o)
                0x00000000000186c0                __lshift
 *fill*         0x0000000000018838        0x8 
 .text.__mcmp   0x0000000000018840       0x50 d:/devkitpro/devkita64/bin/../lib/gcc/aarch64-none-elf/11.2.0/../../../../aarch64-none-elf/lib/pic\libg.a(lib_a-mprec.o)
                0x0000000000018840                __mcmp
 .text.__mdiff  0x0000000000018890      0x1b8 d:/devkitpro/devkita64/bin/../lib/gcc/aarch64-none-elf/11.2.0/../../../../aarch64-none-elf/lib/pic\libg.a(lib_a-mprec.o)
                0x0000000000018890                __mdiff
 *fill*         0x0000000000018a48        0x8 
 .text.__d2b    0x0000000000018a50      0x154 d:/devkitpro/devkita64/bin/../lib/gcc/aarch64-none-elf/11.2.0/../../../../aarch64-none-elf/lib/pic\libg.a(lib_a-mprec.o)
                0x0000000000018a50                __d2b
 *fill*         0x0000000000018ba4        0xc 
 .text._realloc_r
                0x0000000000018bb0      0x538 d:/devkitpro/devkita64/bin/../lib/gcc/aarch64-none-elf/11.2.0/../../../../aarch64-none-elf/lib/pic\libg.a(lib_a-reallocr.o)
                0x0000000000018bb0                _realloc_r
 *fill*         0x00000000000190e8        0x8 
 .text.frexp    0x00000000000190f0       0x7c d:/devkitpro/devkita64/bin/../lib/gcc/aarch64-none-elf/11.2.0/../../../../aarch64-none-elf/lib/pic\libg.a(lib_a-s_frexp.o)
                0x00000000000190f0                frexp
 .text.get_arg  0x000000000001916c      0x7e0 d:/devkitpro/devkita64/bin/../lib/gcc/aarch64-none-elf/11.2.0/../../../../aarch64-none-elf/lib/pic\libg.a(lib_a-vfiprintf.o)
 .text.__sprint_r
                0x000000000001994c       0x38 d:/devkitpro/devkita64/bin/../lib/gcc/aarch64-none-elf/11.2.0/../../../../aarch64-none-elf/lib/pic\libg.a(lib_a-vfiprintf.o)
                0x000000000001994c                __sprint_r
 .text._vfiprintf_r
                0x0000000000019984     0x2958 d:/devkitpro/devkita64/bin/../lib/gcc/aarch64-none-elf/11.2.0/../../../../aarch64-none-elf/lib/pic\libg.a(lib_a-vfiprintf.o)
                0x0000000000019984                _vfiprintf_r
 .text.__sbprintf
                0x000000000001c2dc       0xf0 d:/devkitpro/devkita64/bin/../lib/gcc/aarch64-none-elf/11.2.0/../../../../aarch64-none-elf/lib/pic\libg.a(lib_a-vfiprintf.o)
 *fill*         0x000000000001c3cc        0x4 
 .text._wcsnrtombs_l
                0x000000000001c3d0      0x1e0 d:/devkitpro/devkita64/bin/../lib/gcc/aarch64-none-elf/11.2.0/../../../../aarch64-none-elf/lib/pic\libg.a(lib_a-wcsnrtombs.o)
                0x000000000001c3d0                _wcsnrtombs_l
 .text._wcsnrtombs_r
                0x000000000001c5b0       0x74 d:/devkitpro/devkita64/bin/../lib/gcc/aarch64-none-elf/11.2.0/../../../../aarch64-none-elf/lib/pic\libg.a(lib_a-wcsnrtombs.o)
                0x000000000001c5b0                _wcsnrtombs_r
 *fill*         0x000000000001c624        0xc 
 .text.__utf8_wctomb
                0x000000000001c630       0xe4 d:/devkitpro/devkita64/bin/../lib/gcc/aarch64-none-elf/11.2.0/../../../../aarch64-none-elf/lib/pic\libg.a(lib_a-wctomb_r.o)
                0x000000000001c630                __utf8_wctomb
 *fill*         0x000000000001c714        0xc 
 .text.__assert_func
                0x000000000001c720       0x64 d:/devkitpro/devkita64/bin/../lib/gcc/aarch64-none-elf/11.2.0/../../../../aarch64-none-elf/lib/pic\libg.a(lib_a-assert.o)
                0x000000000001c720                __assert_func
 *fill*         0x000000000001c784        0xc 
 .text._calloc_r
                0x000000000001c790       0xb0 d:/devkitpro/devkita64/bin/../lib/gcc/aarch64-none-elf/11.2.0/../../../../aarch64-none-elf/lib/pic\libg.a(lib_a-callocr.o)
                0x000000000001c790                _calloc_r
 .text.fiprintf
                0x000000000001c840       0x84 d:/devkitpro/devkita64/bin/../lib/gcc/aarch64-none-elf/11.2.0/../../../../aarch64-none-elf/lib/pic\libg.a(lib_a-fiprintf.o)
                0x000000000001c840                fiprintf
 *fill*         0x000000000001c8c4        0xc 
 .text.abort    0x000000000001c8d0       0x18 d:/devkitpro/devkita64/bin/../lib/gcc/aarch64-none-elf/11.2.0/../../../../aarch64-none-elf/lib/pic\libg.a(lib_a-abort.o)
                0x000000000001c8d0                abort
 *fill*         0x000000000001c8e8        0x8 
 .text._raise_r
                0x000000000001c8f0       0xb4 d:/devkitpro/devkita64/bin/../lib/gcc/aarch64-none-elf/11.2.0/../../../../aarch64-none-elf/lib/pic\libg.a(lib_a-signal.o)
                0x000000000001c8f0                _raise_r
 *fill*         0x000000000001c9a4        0xc 
 .text.raise    0x000000000001c9b0       0x24 d:/devkitpro/devkita64/bin/../lib/gcc/aarch64-none-elf/11.2.0/../../../../aarch64-none-elf/lib/pic\libg.a(lib_a-signal.o)
                0x000000000001c9b0                raise
 *fill*         0x000000000001c9d4        0xc 
 .text.null_write
                0x000000000001c9e0        0x8 d:/devkitpro/devkita64/bin/../lib/gcc/aarch64-none-elf/11.2.0/../../../../aarch64-none-elf/lib/pic\libsysbase.a(iosupport.o)
 *fill*         0x000000000001c9e8        0x8 
 .text.setDefaultDevice
                0x000000000001c9f0       0x18 d:/devkitpro/devkita64/bin/../lib/gcc/aarch64-none-elf/11.2.0/../../../../aarch64-none-elf/lib/pic\libsysbase.a(iosupport.o)
                0x000000000001c9f0                setDefaultDevice
 *fill*         0x000000000001ca08        0x8 
 .text.FindDevice
                0x000000000001ca10      0x108 d:/devkitpro/devkita64/bin/../lib/gcc/aarch64-none-elf/11.2.0/../../../../aarch64-none-elf/lib/pic\libsysbase.a(iosupport.o)
                0x000000000001ca10                FindDevice
 *fill*         0x000000000001cb18        0x8 
 .text.RemoveDevice
                0x000000000001cb20       0x34 d:/devkitpro/devkita64/bin/../lib/gcc/aarch64-none-elf/11.2.0/../../../../aarch64-none-elf/lib/pic\libsysbase.a(iosupport.o)
                0x000000000001cb20                RemoveDevice
 *fill*         0x000000000001cb54        0xc 
 .text.AddDevice
                0x000000000001cb60       0xdc d:/devkitpro/devkita64/bin/../lib/gcc/aarch64-none-elf/11.2.0/../../../../aarch64-none-elf/lib/pic\libsysbase.a(iosupport.o)
                0x000000000001cb60                AddDevice
 *fill*         0x000000000001cc3c        0x4 
 .text.GetDeviceOpTab
                0x000000000001cc40       0x34 d:/devkitpro/devkita64/bin/../lib/gcc/aarch64-none-elf/11.2.0/../../../../aarch64-none-elf/lib/pic\libsysbase.a(iosupport.o)
                0x000000000001cc40                GetDeviceOpTab
 *fill*         0x000000000001cc74        0xc 
 .text._close_r
                0x000000000001cc80       0xa8 d:/devkitpro/devkita64/bin/../lib/gcc/aarch64-none-elf/11.2.0/../../../../aarch64-none-elf/lib/pic\libsysbase.a(close.o)
                0x000000000001cc80                _close_r
 *fill*         0x000000000001cd28        0x8 
 .text._fstat_r
                0x000000000001cd30       0x84 d:/devkitpro/devkita64/bin/../lib/gcc/aarch64-none-elf/11.2.0/../../../../aarch64-none-elf/lib/pic\libsysbase.a(fstat.o)
                0x000000000001cd30                _fstat_r
 *fill*         0x000000000001cdb4        0xc 
 .text._getpid_r
                0x000000000001cdc0       0x14 d:/devkitpro/devkita64/bin/../lib/gcc/aarch64-none-elf/11.2.0/../../../../aarch64-none-elf/lib/pic\libsysbase.a(getpid.o)
                0x000000000001cdc0                _getpid_r
 *fill*         0x000000000001cdd4        0xc 
 .text._gettimeofday_r
                0x000000000001cde0       0x24 d:/devkitpro/devkita64/bin/../lib/gcc/aarch64-none-elf/11.2.0/../../../../aarch64-none-elf/lib/pic\libsysbase.a(gettod.o)
                0x000000000001cde0                _gettimeofday_r
 *fill*         0x000000000001ce04        0xc 
 .text._isatty_r
                0x000000000001ce10        0x8 d:/devkitpro/devkita64/bin/../lib/gcc/aarch64-none-elf/11.2.0/../../../../aarch64-none-elf/lib/pic\libsysbase.a(isatty.o)
                0x000000000001ce10                _isatty_r
 *fill*         0x000000000001ce18        0x8 
 .text._kill_r  0x000000000001ce20       0x14 d:/devkitpro/devkita64/bin/../lib/gcc/aarch64-none-elf/11.2.0/../../../../aarch64-none-elf/lib/pic\libsysbase.a(kill.o)
                0x000000000001ce20                _kill_r
 *fill*         0x000000000001ce34        0xc 
 .text._lseek_r
                0x000000000001ce40       0x98 d:/devkitpro/devkita64/bin/../lib/gcc/aarch64-none-elf/11.2.0/../../../../aarch64-none-elf/lib/pic\libsysbase.a(lseek.o)
                0x000000000001ce40                _lseek_r
 *fill*         0x000000000001ced8        0x8 
 .text._read_r  0x000000000001cee0       0xa4 d:/devkitpro/devkita64/bin/../lib/gcc/aarch64-none-elf/11.2.0/../../../../aarch64-none-elf/lib/pic\libsysbase.a(read.o)
                0x000000000001cee0                _read_r
 *fill*         0x000000000001cf84        0xc 
 .text._sbrk_r  0x000000000001cf90       0x78 d:/devkitpro/devkita64/bin/../lib/gcc/aarch64-none-elf/11.2.0/../../../../aarch64-none-elf/lib/pic\libsysbase.a(sbrk.o)
                0x000000000001cf90                _sbrk_r
 *fill*         0x000000000001d008        0x8 
 .text._write_r
                0x000000000001d010       0xa4 d:/devkitpro/devkita64/bin/../lib/gcc/aarch64-none-elf/11.2.0/../../../../aarch64-none-elf/lib/pic\libsysbase.a(write.o)
                0x000000000001d010                _write_r
 *fill*         0x000000000001d0b4        0xc 
 .text._exit    0x000000000001d0c0       0x20 d:/devkitpro/devkita64/bin/../lib/gcc/aarch64-none-elf/11.2.0/../../../../aarch64-none-elf/lib/pic\libsysbase.a(_exit.o)
                0x000000000001d0c0                _exit
 .text._concatenate_path
                0x000000000001d0e0      0x228 d:/devkitpro/devkita64/bin/../lib/gcc/aarch64-none-elf/11.2.0/../../../../aarch64-none-elf/lib/pic\libsysbase.a(chdir.o)
                0x000000000001d0e0                _concatenate_path
 *fill*         0x000000000001d308        0x8 
 .text.chdir    0x000000000001d310      0x178 d:/devkitpro/devkita64/bin/../lib/gcc/aarch64-none-elf/11.2.0/../../../../aarch64-none-elf/lib/pic\libsysbase.a(chdir.o)
                0x000000000001d310                chdir
 *fill*         0x000000000001d488        0x8 
 .text.__libc_lock_acquire
                0x000000000001d490       0x14 d:/devkitpro/devkita64/bin/../lib/gcc/aarch64-none-elf/11.2.0/../../../../aarch64-none-elf/lib/pic\libsysbase.a(locks.o)
                0x000000000001d490                __libc_lock_acquire
 *fill*         0x000000000001d4a4        0xc 
 .text.__libc_lock_release
                0x000000000001d4b0       0x14 d:/devkitpro/devkita64/bin/../lib/gcc/aarch64-none-elf/11.2.0/../../../../aarch64-none-elf/lib/pic\libsysbase.a(locks.o)
                0x000000000001d4b0                __libc_lock_release
 *fill*         0x000000000001d4c4        0xc 
 .text.__libc_lock_init_recursive
                0x000000000001d4d0        0xc d:/devkitpro/devkita64/bin/../lib/gcc/aarch64-none-elf/11.2.0/../../../../aarch64-none-elf/lib/pic\libsysbase.a(locks.o)
                0x000000000001d4d0                __libc_lock_init_recursive
 *fill*         0x000000000001d4dc        0x4 
 .text.__libc_lock_acquire_recursive
                0x000000000001d4e0       0x14 d:/devkitpro/devkita64/bin/../lib/gcc/aarch64-none-elf/11.2.0/../../../../aarch64-none-elf/lib/pic\libsysbase.a(locks.o)
                0x000000000001d4e0                __libc_lock_acquire_recursive
 *fill*         0x000000000001d4f4        0xc 
 .text.__libc_lock_release_recursive
                0x000000000001d500       0x14 d:/devkitpro/devkita64/bin/../lib/gcc/aarch64-none-elf/11.2.0/../../../../aarch64-none-elf/lib/pic\libsysbase.a(locks.o)
                0x000000000001d500                __libc_lock_release_recursive
 *fill*         0x000000000001d514        0xc 
 .text.__libc_lock_close_recursive
                0x000000000001d520        0x4 d:/devkitpro/devkita64/bin/../lib/gcc/aarch64-none-elf/11.2.0/../../../../aarch64-none-elf/lib/pic\libsysbase.a(locks.o)
                0x000000000001d520                __libc_lock_close_recursive
 *fill*         0x000000000001d524        0xc 
 .text.__free_handle
                0x000000000001d530       0x40 d:/devkitpro/devkita64/bin/../lib/gcc/aarch64-none-elf/11.2.0/../../../../aarch64-none-elf/lib/pic\libsysbase.a(handle_manager.o)
                0x000000000001d530                __free_handle
 .text.__release_handle
                0x000000000001d570       0x58 d:/devkitpro/devkita64/bin/../lib/gcc/aarch64-none-elf/11.2.0/../../../../aarch64-none-elf/lib/pic\libsysbase.a(handle_manager.o)
                0x000000000001d570                __release_handle
 *fill*         0x000000000001d5c8        0x8 
 .text.__alloc_handle
                0x000000000001d5d0       0xc0 d:/devkitpro/devkita64/bin/../lib/gcc/aarch64-none-elf/11.2.0/../../../../aarch64-none-elf/lib/pic\libsysbase.a(handle_manager.o)
                0x000000000001d5d0                __alloc_handle
 .text.__get_handle
                0x000000000001d690       0x20 d:/devkitpro/devkita64/bin/../lib/gcc/aarch64-none-elf/11.2.0/../../../../aarch64-none-elf/lib/pic\libsysbase.a(handle_manager.o)
                0x000000000001d690                __get_handle
 .text.dup2     0x000000000001d6b0      0x12c d:/devkitpro/devkita64/bin/../lib/gcc/aarch64-none-elf/11.2.0/../../../../aarch64-none-elf/lib/pic\libsysbase.a(handle_manager.o)
                0x000000000001d6b0                dup2
 *fill*         0x000000000001d7dc        0x4 
 .text.__getreent
                0x000000000001d7e0       0x20 d:/devkitpro/devkita64/bin/../lib/gcc/aarch64-none-elf/11.2.0/../../../../aarch64-none-elf/lib/pic\libsysbase.a(getreent.o)
                0x000000000001d7e0                __getreent
 .text.__trunctfdf2
                0x000000000001d800      0x2f8 d:/devkitpro/devkita64/bin/../lib/gcc/aarch64-none-elf/11.2.0/pic\libgcc.a(trunctfdf2.o)
                0x000000000001d800                __trunctfdf2
 *fill*         0x000000000001daf8        0x8 
 .text.__sfp_handle_exceptions
                0x000000000001db00       0x70 d:/devkitpro/devkita64/bin/../lib/gcc/aarch64-none-elf/11.2.0/pic\libgcc.a(sfp-exceptions.o)
                0x000000000001db00                __sfp_handle_exceptions
 .text          0x000000000001db70      0x100 d:/devkitpro/devkita64/bin/../lib/gcc/aarch64-none-elf/11.2.0/../../../../aarch64-none-elf/lib/pic\libg.a(lib_a-strrchr.o)
                0x000000000001db70                strrchr
                0x000000000001dc70                . = ALIGN (0x8)

.fini           0x000000000001dc70       0x38
 *(.fini)
 .fini          0x000000000001dc70       0x18 d:/devkitpro/devkita64/bin/../lib/gcc/aarch64-none-elf/11.2.0/pic/crti.o
                0x000000000001dc70                _fini
 .fini          0x000000000001dc88       0x1c d:/devkitpro/devkita64/bin/../lib/gcc/aarch64-none-elf/11.2.0/pic/crtn.o
                0x000000000001dca8                . = ALIGN (0x8)
 *fill*         0x000000000001dca4        0x4 
                0x000000000001e000                . = ALIGN (0x1000)
                0x000000000001e000                __rodata_start = .

.nx-module-name